../Drivers/CMSIS/Include/core_cm4.h:1933:34:__NVIC_SystemReset	4	static
../Core/Src/main.c:97:6:I2C_Scan	96	static
../Core/Src/main.c:125:6:RebootIntoDFU	8	static
../Core/Src/main.c:196:5:main	16	static
../Core/Src/main.c:294:6:SystemClock_Config	96	static
../Core/Src/main.c:357:13:MX_ADC1_Init	32	static
../Core/Src/main.c:415:13:MX_I2C1_Init	8	static
../Core/Src/main.c:463:13:MX_I2C2_Init	8	static
../Core/Src/main.c:511:13:MX_I2C3_Init	8	static
../Core/Src/main.c:559:13:MX_LPUART1_UART_Init	8	static
../Core/Src/main.c:593:13:MX_USART1_UART_Init	8	static
../Core/Src/main.c:628:13:MX_USART2_UART_Init	8	static
../Core/Src/main.c:663:13:MX_SPI1_Init	8	static
../Core/Src/main.c:703:13:MX_TIM1_Init	40	static
../Core/Src/main.c:753:13:MX_TIM2_Init	40	static
../Core/Src/main.c:801:13:MX_TIM16_Init	24	static
../Core/Src/main.c:847:13:MX_GPIO_Init	48	static
../Core/Src/main.c:938:6:Error_Handler	4	static
