../Drivers/CMSIS/Include/core_cm4.h:1933:34:__NVIC_SystemReset	4	static
../Core/Src/main.c:99:6:I2C_Scan	96	static
../Core/Src/main.c:127:6:RebootIntoDFU	8	static
../Core/Src/main.c:198:5:main	24	static
../Core/Src/main.c:289:6:SystemClock_Config	96	static
../Core/Src/main.c:352:13:MX_ADC1_Init	32	static
../Core/Src/main.c:410:13:MX_I2C1_Init	8	static
../Core/Src/main.c:458:13:MX_I2C2_Init	8	static
../Core/Src/main.c:506:13:MX_I2C3_Init	8	static
../Core/Src/main.c:554:13:MX_LPUART1_UART_Init	8	static
../Core/Src/main.c:588:13:MX_USART1_UART_Init	8	static
../Core/Src/main.c:623:13:MX_USART2_UART_Init	8	static
../Core/Src/main.c:658:13:MX_SPI1_Init	8	static
../Core/Src/main.c:698:13:MX_TIM1_Init	40	static
../Core/Src/main.c:748:13:MX_TIM2_Init	40	static
../Core/Src/main.c:796:13:MX_TIM16_Init	24	static
../Core/Src/main.c:842:13:MX_GPIO_Init	48	static
../Core/Src/main.c:933:6:Error_Handler	4	static
