Archive member included to satisfy reference by file (symbol)

/Applications/ArmGNUToolchain/14.2.rel1/arm-none-eabi/bin/../lib/gcc/arm-none-eabi/14.2.1/../../../../arm-none-eabi/lib/thumb/v7e-m+fp/hard/libc_nano.a(libc_a-exit.o)
                              /Applications/ArmGNUToolchain/14.2.rel1/arm-none-eabi/bin/../lib/gcc/arm-none-eabi/14.2.1/../../../../arm-none-eabi/lib/thumb/v7e-m+fp/hard/crt0.o (exit)
/Applications/ArmGNUToolchain/14.2.rel1/arm-none-eabi/bin/../lib/gcc/arm-none-eabi/14.2.1/../../../../arm-none-eabi/lib/thumb/v7e-m+fp/hard/libc_nano.a(libc_a-sprintf.o)
                              ./Core/Src/main.o (sprintf)
/Applications/ArmGNUToolchain/14.2.rel1/arm-none-eabi/bin/../lib/gcc/arm-none-eabi/14.2.1/../../../../arm-none-eabi/lib/thumb/v7e-m+fp/hard/libc_nano.a(libc_a-findfp.o)
                              /Applications/ArmGNUToolchain/14.2.rel1/arm-none-eabi/bin/../lib/gcc/arm-none-eabi/14.2.1/../../../../arm-none-eabi/lib/thumb/v7e-m+fp/hard/libc_nano.a(libc_a-exit.o) (__stdio_exit_handler)
/Applications/ArmGNUToolchain/14.2.rel1/arm-none-eabi/bin/../lib/gcc/arm-none-eabi/14.2.1/../../../../arm-none-eabi/lib/thumb/v7e-m+fp/hard/libc_nano.a(libc_a-fwalk.o)
                              /Applications/ArmGNUToolchain/14.2.rel1/arm-none-eabi/bin/../lib/gcc/arm-none-eabi/14.2.1/../../../../arm-none-eabi/lib/thumb/v7e-m+fp/hard/libc_nano.a(libc_a-findfp.o) (_fwalk_sglue)
/Applications/ArmGNUToolchain/14.2.rel1/arm-none-eabi/bin/../lib/gcc/arm-none-eabi/14.2.1/../../../../arm-none-eabi/lib/thumb/v7e-m+fp/hard/libc_nano.a(libc_a-memset.o)
                              /Applications/ArmGNUToolchain/14.2.rel1/arm-none-eabi/bin/../lib/gcc/arm-none-eabi/14.2.1/../../../../arm-none-eabi/lib/thumb/v7e-m+fp/hard/crt0.o (memset)
/Applications/ArmGNUToolchain/14.2.rel1/arm-none-eabi/bin/../lib/gcc/arm-none-eabi/14.2.1/../../../../arm-none-eabi/lib/thumb/v7e-m+fp/hard/libc_nano.a(libc_a-errno.o)
                              ./Core/Src/syscalls.o (__errno)
/Applications/ArmGNUToolchain/14.2.rel1/arm-none-eabi/bin/../lib/gcc/arm-none-eabi/14.2.1/../../../../arm-none-eabi/lib/thumb/v7e-m+fp/hard/libc_nano.a(libc_a-init.o)
                              /Applications/ArmGNUToolchain/14.2.rel1/arm-none-eabi/bin/../lib/gcc/arm-none-eabi/14.2.1/../../../../arm-none-eabi/lib/thumb/v7e-m+fp/hard/crt0.o (__libc_init_array)
/Applications/ArmGNUToolchain/14.2.rel1/arm-none-eabi/bin/../lib/gcc/arm-none-eabi/14.2.1/../../../../arm-none-eabi/lib/thumb/v7e-m+fp/hard/libc_nano.a(libc_a-lock.o)
                              /Applications/ArmGNUToolchain/14.2.rel1/arm-none-eabi/bin/../lib/gcc/arm-none-eabi/14.2.1/../../../../arm-none-eabi/lib/thumb/v7e-m+fp/hard/libc_nano.a(libc_a-findfp.o) (__retarget_lock_init_recursive)
/Applications/ArmGNUToolchain/14.2.rel1/arm-none-eabi/bin/../lib/gcc/arm-none-eabi/14.2.1/../../../../arm-none-eabi/lib/thumb/v7e-m+fp/hard/libc_nano.a(libc_a-impure.o)
                              /Applications/ArmGNUToolchain/14.2.rel1/arm-none-eabi/bin/../lib/gcc/arm-none-eabi/14.2.1/../../../../arm-none-eabi/lib/thumb/v7e-m+fp/hard/libc_nano.a(libc_a-sprintf.o) (_impure_ptr)
/Applications/ArmGNUToolchain/14.2.rel1/arm-none-eabi/bin/../lib/gcc/arm-none-eabi/14.2.1/../../../../arm-none-eabi/lib/thumb/v7e-m+fp/hard/libc_nano.a(libc_a-strlen.o)
                              ./Core/Src/main.o (strlen)
/Applications/ArmGNUToolchain/14.2.rel1/arm-none-eabi/bin/../lib/gcc/arm-none-eabi/14.2.1/../../../../arm-none-eabi/lib/thumb/v7e-m+fp/hard/libc_nano.a(libc_a-nano-svfprintf.o)
                              /Applications/ArmGNUToolchain/14.2.rel1/arm-none-eabi/bin/../lib/gcc/arm-none-eabi/14.2.1/../../../../arm-none-eabi/lib/thumb/v7e-m+fp/hard/libc_nano.a(libc_a-sprintf.o) (_svfprintf_r)
/Applications/ArmGNUToolchain/14.2.rel1/arm-none-eabi/bin/../lib/gcc/arm-none-eabi/14.2.1/../../../../arm-none-eabi/lib/thumb/v7e-m+fp/hard/libc_nano.a(libc_a-mallocr.o)
                              /Applications/ArmGNUToolchain/14.2.rel1/arm-none-eabi/bin/../lib/gcc/arm-none-eabi/14.2.1/../../../../arm-none-eabi/lib/thumb/v7e-m+fp/hard/libc_nano.a(libc_a-findfp.o) (_malloc_r)
/Applications/ArmGNUToolchain/14.2.rel1/arm-none-eabi/bin/../lib/gcc/arm-none-eabi/14.2.1/../../../../arm-none-eabi/lib/thumb/v7e-m+fp/hard/libc_nano.a(libc_a-nano-vfprintf_i.o)
                              /Applications/ArmGNUToolchain/14.2.rel1/arm-none-eabi/bin/../lib/gcc/arm-none-eabi/14.2.1/../../../../arm-none-eabi/lib/thumb/v7e-m+fp/hard/libc_nano.a(libc_a-nano-svfprintf.o) (_printf_i)
/Applications/ArmGNUToolchain/14.2.rel1/arm-none-eabi/bin/../lib/gcc/arm-none-eabi/14.2.1/../../../../arm-none-eabi/lib/thumb/v7e-m+fp/hard/libc_nano.a(libc_a-fflush.o)
                              /Applications/ArmGNUToolchain/14.2.rel1/arm-none-eabi/bin/../lib/gcc/arm-none-eabi/14.2.1/../../../../arm-none-eabi/lib/thumb/v7e-m+fp/hard/libc_nano.a(libc_a-findfp.o) (_fflush_r)
[...]
Memory Configuration

Name             Origin             Length             Attributes
RAM              0x20000000         0x00010000         xrw
RAM2             0x10000000         0x00004000         xrw
FLASH            0x08000000         0x00040000         xr
*default*        0x00000000         0xffffffff

Linker script and memory map

LOAD /Applications/ArmGNUToolchain/14.2.rel1/arm-none-eabi/bin/../lib/gcc/arm-none-eabi/14.2.1/thumb/v7e-m+fp/hard/crti.o
LOAD /Applications/ArmGNUToolchain/14.2.rel1/arm-none-eabi/bin/../lib/gcc/arm-none-eabi/14.2.1/thumb/v7e-m+fp/hard/crtbegin.o
LOAD /Applications/ArmGNUToolchain/14.2.rel1/arm-none-eabi/bin/../lib/gcc/arm-none-eabi/14.2.1/../../../../arm-none-eabi/lib/thumb/v7e-m+fp/hard/crt0.o
LOAD ./Core/Src/ec_oem.o
LOAD ./Core/Src/main.o
LOAD ./Core/Src/oem_library.o
LOAD ./Core/Src/stm32l4xx_hal_msp.o
LOAD ./Core/Src/stm32l4xx_it.o
LOAD ./Core/Src/syscalls.o
LOAD ./Core/Src/sysmem.o
LOAD ./Core/Src/system_stm32l4xx.o
LOAD ./Core/Startup/startup_stm32l433rctx.o
LOAD ./Drivers/STM32L4xx_HAL_Driver/Src/stm32l4xx_hal.o
LOAD ./Drivers/STM32L4xx_HAL_Driver/Src/stm32l4xx_hal_adc.o
LOAD ./Drivers/STM32L4xx_HAL_Driver/Src/stm32l4xx_hal_adc_ex.o
LOAD ./Drivers/STM32L4xx_HAL_Driver/Src/stm32l4xx_hal_cortex.o
LOAD ./Drivers/STM32L4xx_HAL_Driver/Src/stm32l4xx_hal_dma.o
LOAD ./Drivers/STM32L4xx_HAL_Driver/Src/stm32l4xx_hal_dma_ex.o
LOAD ./Drivers/STM32L4xx_HAL_Driver/Src/stm32l4xx_hal_exti.o
LOAD ./Drivers/STM32L4xx_HAL_Driver/Src/stm32l4xx_hal_flash.o
LOAD ./Drivers/STM32L4xx_HAL_Driver/Src/stm32l4xx_hal_flash_ex.o
LOAD ./Drivers/STM32L4xx_HAL_Driver/Src/stm32l4xx_hal_flash_ramfunc.o
LOAD ./Drivers/STM32L4xx_HAL_Driver/Src/stm32l4xx_hal_gpio.o
LOAD ./Drivers/STM32L4xx_HAL_Driver/Src/stm32l4xx_hal_i2c.o
LOAD ./Drivers/STM32L4xx_HAL_Driver/Src/stm32l4xx_hal_i2c_ex.o
LOAD ./Drivers/STM32L4xx_HAL_Driver/Src/stm32l4xx_hal_pwr.o
LOAD ./Drivers/STM32L4xx_HAL_Driver/Src/stm32l4xx_hal_pwr_ex.o
LOAD ./Drivers/STM32L4xx_HAL_Driver/Src/stm32l4xx_hal_rcc.o
LOAD ./Drivers/STM32L4xx_HAL_Driver/Src/stm32l4xx_hal_rcc_ex.o
LOAD ./Drivers/STM32L4xx_HAL_Driver/Src/stm32l4xx_hal_spi.o
LOAD ./Drivers/STM32L4xx_HAL_Driver/Src/stm32l4xx_hal_spi_ex.o
LOAD ./Drivers/STM32L4xx_HAL_Driver/Src/stm32l4xx_hal_tim.o
LOAD ./Drivers/STM32L4xx_HAL_Driver/Src/stm32l4xx_hal_tim_ex.o
LOAD ./Drivers/STM32L4xx_HAL_Driver/Src/stm32l4xx_hal_uart.o
LOAD ./Drivers/STM32L4xx_HAL_Driver/Src/stm32l4xx_hal_uart_ex.o
START GROUP
LOAD /Applications/ArmGNUToolchain/14.2.rel1/arm-none-eabi/bin/../lib/gcc/arm-none-eabi/14.2.1/../../../../arm-none-eabi/lib/thumb/v7e-m+fp/hard/libc_nano.a
LOAD /Applications/ArmGNUToolchain/14.2.rel1/arm-none-eabi/bin/../lib/gcc/arm-none-eabi/14.2.1/../../../../arm-none-eabi/lib/thumb/v7e-m+fp/hard/libm.a
END GROUP
START GROUP
LOAD /Applications/ArmGNUToolchain/14.2.rel1/arm-none-eabi/bin/../lib/gcc/arm-none-eabi/14.2.1/thumb/v7e-m+fp/hard/libgcc.a
LOAD /Applications/ArmGNUToolchain/14.2.rel1/arm-none-eabi/bin/../lib/gcc/arm-none-eabi/14.2.1/../../../../arm-none-eabi/lib/thumb/v7e-m+fp/hard/libc_nano.a
END GROUP
START GROUP
LOAD /Applications/ArmGNUToolchain/14.2.rel1/arm-none-eabi/bin/../lib/gcc/arm-none-eabi/14.2.1/thumb/v7e-m+fp/hard/libgcc.a
LOAD /Applications/ArmGNUToolchain/14.2.rel1/arm-none-eabi/bin/../lib/gcc/arm-none-eabi/14.2.1/../../../../arm-none-eabi/lib/thumb/v7e-m+fp/hard/libc_nano.a
LOAD /Applications/ArmGNUToolchain/14.2.rel1/arm-none-eabi/bin/../lib/gcc/arm-none-eabi/14.2.1/../../../../arm-none-eabi/lib/thumb/v7e-m+fp/hard/libnosys.a
END GROUP
START GROUP
LOAD /Applications/ArmGNUToolchain/14.2.rel1/arm-none-eabi/bin/../lib/gcc/arm-none-eabi/14.2.1/thumb/v7e-m+fp/hard/libgcc.a
LOAD /Applications/ArmGNUToolchain/14.2.rel1/arm-none-eabi/bin/../lib/gcc/arm-none-eabi/14.2.1/../../../../arm-none-eabi/lib/thumb/v7e-m+fp/hard/libc_nano.a
LOAD /Applications/ArmGNUToolchain/14.2.rel1/arm-none-eabi/bin/../lib/gcc/arm-none-eabi/14.2.1/../../../../arm-none-eabi/lib/thumb/v7e-m+fp/hard/libnosys.a
END GROUP
LOAD /Applications/ArmGNUToolchain/14.2.rel1/arm-none-eabi/bin/../lib/gcc/arm-none-eabi/14.2.1/thumb/v7e-m+fp/hard/crtend.o
LOAD /Applications/ArmGNUToolchain/14.2.rel1/arm-none-eabi/bin/../lib/gcc/arm-none-eabi/14.2.1/thumb/v7e-m+fp/hard/crtn.o
                0x20010000                        _estack = (ORIGIN (RAM) + LENGTH (RAM))
                0x00000200                        _Min_Heap_Size = 0x200
                0x00000400                        _Min_Stack_Size = 0x400

.isr_vector     0x08000000      0x18c
                0x08000000                        . = ALIGN (0x4)
 *(.isr_vector)
 .isr_vector    0x08000000      0x18c ./Core/Startup/startup_stm32l433rctx.o
                0x08000000                g_pfnVectors
                0x0800018c                        . = ALIGN (0x4)

.text           0x08000190     0x6b8c
                0x08000190                        . = ALIGN (0x4)
 *(.text)
 .text          0x08000190       0x10 /Applications/ArmGNUToolchain/14.2.rel1/arm-none-eabi/bin/../lib/gcc/arm-none-eabi/14.2.1/../../../../arm-none-eabi/lib/thumb/v7e-m+fp/hard/libc_nano.a(libc_a-strlen.o)
                0x08000190                strlen
 .text          0x080001a0       0xa0 /Applications/ArmGNUToolchain/14.2.rel1/arm-none-eabi/bin/../lib/gcc/arm-none-eabi/14.2.1/../../../../arm-none-eabi/lib/thumb/v7e-m+fp/hard/libc_nano.a(libc_a-memchr.o)
                0x080001a0                memchr
 .text          0x08000240       0x30 /Applications/ArmGNUToolchain/14.2.rel1/arm-none-eabi/bin/../lib/gcc/arm-none-eabi/14.2.1/thumb/v7e-m+fp/hard/libgcc.a(_aeabi_uldivmod.o)
                0x08000240                __aeabi_uldivmod
 .text          0x08000270        0x4 /Applications/ArmGNUToolchain/14.2.rel1/arm-none-eabi/bin/../lib/gcc/arm-none-eabi/14.2.1/thumb/v7e-m+fp/hard/libgcc.a(_dvmd_tls.o)
                0x08000270                __aeabi_ldiv0
                0x08000270                __aeabi_idiv0
 *(.text*)
 .text.deregister_tm_clones
                0x08000274       0x1c /Applications/ArmGNUToolchain/14.2.rel1/arm-none-eabi/bin/../lib/gcc/arm-none-eabi/14.2.1/thumb/v7e-m+fp/hard/crtbegin.o
 .text.register_tm_clones
                0x08000290       0x24 /Applications/ArmGNUToolchain/14.2.rel1/arm-none-eabi/bin/../lib/gcc/arm-none-eabi/14.2.1/thumb/v7e-m+fp/hard/crtbegin.o
 .text.__do_global_dtors_aux
                0x080002b4       0x28 /Applications/ArmGNUToolchain/14.2.rel1/arm-none-eabi/bin/../lib/gcc/arm-none-eabi/14.2.1/thumb/v7e-m+fp/hard/crtbegin.o
 .text.frame_dummy
                0x080002dc       0x24 /Applications/ArmGNUToolchain/14.2.rel1/arm-none-eabi/bin/../lib/gcc/arm-none-eabi/14.2.1/thumb/v7e-m+fp/hard/crtbegin.o
 .text.I2C_Scan
                0x08000300       0xf8 ./Core/Src/main.o
                0x08000300                I2C_Scan
 .text.main     0x080003f8      0x160 ./Core/Src/main.o
                0x080003f8                main
 .text.SystemClock_Config
                0x08000558       0xc8 ./Core/Src/main.o
                0x08000558                SystemClock_Config
 .text.MX_ADC1_Init
                0x08000620       0xcc ./Core/Src/main.o
 .text.MX_I2C1_Init
                0x080006ec       0x80 ./Core/Src/main.o
 .text.MX_I2C2_Init
                0x0800076c       0x80 ./Core/Src/main.o
 .text.MX_I2C3_Init
                0x080007ec       0x80 ./Core/Src/main.o
 .text.MX_LPUART1_UART_Init
                0x0800086c       0x5c ./Core/Src/main.o
 .text.MX_USART1_UART_Init
                0x080008c8       0x60 ./Core/Src/main.o
 .text.MX_USART2_UART_Init
                0x08000928       0x60 ./Core/Src/main.o
 .text.MX_SPI1_Init
                0x08000988       0x7c ./Core/Src/main.o
 .text.MX_TIM1_Init
                0x08000a04       0xb4 ./Core/Src/main.o
 .text.MX_TIM2_Init
                0x08000ab8       0xa8 ./Core/Src/main.o
 .text.MX_TIM16_Init
                0x08000b60       0x94 ./Core/Src/main.o
 .text.MX_GPIO_Init
                0x08000bf4      0x1c0 ./Core/Src/main.o
 .text.Error_Handler
                0x08000db4        0xc ./Core/Src/main.o
                0x08000db4                Error_Handler
 .text.OEM_Init
                0x08000dc0       0x60 ./Core/Src/oem_library.o
                0x08000dc0                OEM_Init
 .text.OEM_Activate
                0x08000e20       0x24 ./Core/Src/oem_library.o
                0x08000e20                OEM_Activate
 .text.OEM_GetDeviceType
                0x08000e44       0x20 ./Core/Src/oem_library.o
                0x08000e44                OEM_GetDeviceType
 .text.OEM_ReadData
                0x08000e64       0xbc ./Core/Src/oem_library.o
                0x08000e64                OEM_ReadData
 .text.OEM_ReadRegister
                0x08000f20       0x3a ./Core/Src/oem_library.o
                0x08000f20                OEM_ReadRegister
 .text.OEM_ReadRegisters
                0x08000f5a       0x44 ./Core/Src/oem_library.o
                0x08000f5a                OEM_ReadRegisters
 .text.OEM_WriteRegister
                0x08000f9e       0x3a ./Core/Src/oem_library.o
                0x08000f9e                OEM_WriteRegister
 .text.HAL_MspInit
                0x08000fd8       0x48 ./Core/Src/stm32l4xx_hal_msp.o
                0x08000fd8                HAL_MspInit
 .text.HAL_ADC_MspInit
                0x08001020       0xfc ./Core/Src/stm32l4xx_hal_msp.o
                0x08001020                HAL_ADC_MspInit
 .text.HAL_I2C_MspInit
                0x0800111c      0x210 ./Core/Src/stm32l4xx_hal_msp.o
                0x0800111c                HAL_I2C_MspInit
 .text.HAL_UART_MspInit
                0x0800132c      0x240 ./Core/Src/stm32l4xx_hal_msp.o
                0x0800132c                HAL_UART_MspInit
 .text.HAL_SPI_MspInit
                0x0800156c       0x84 ./Core/Src/stm32l4xx_hal_msp.o
                0x0800156c                HAL_SPI_MspInit
 .text.HAL_TIM_IC_MspInit
                0x080015f0       0xe4 ./Core/Src/stm32l4xx_hal_msp.o
                0x080015f0                HAL_TIM_IC_MspInit
 .text.HAL_TIM_Base_MspInit
                0x080016d4       0x88 ./Core/Src/stm32l4xx_hal_msp.o
                0x080016d4                HAL_TIM_Base_MspInit
 .text.NMI_Handler
                0x0800175c        0x8 ./Core/Src/stm32l4xx_it.o
                0x0800175c                NMI_Handler
 .text.HardFault_Handler
                0x08001764        0x8 ./Core/Src/stm32l4xx_it.o
                0x08001764                HardFault_Handler
 .text.MemManage_Handler
                0x0800176c        0x8 ./Core/Src/stm32l4xx_it.o
                0x0800176c                MemManage_Handler
 .text.BusFault_Handler
                0x08001774        0x8 ./Core/Src/stm32l4xx_it.o
                0x08001774                BusFault_Handler
 .text.UsageFault_Handler
                0x0800177c        0x8 ./Core/Src/stm32l4xx_it.o
                0x0800177c                UsageFault_Handler
 .text.SVC_Handler
                0x08001784        0xe ./Core/Src/stm32l4xx_it.o
                0x08001784                SVC_Handler
 .text.DebugMon_Handler
                0x08001792        0xe ./Core/Src/stm32l4xx_it.o
                0x08001792                DebugMon_Handler
 .text.PendSV_Handler
                0x080017a0        0xe ./Core/Src/stm32l4xx_it.o
                0x080017a0                PendSV_Handler
 .text.SysTick_Handler
                0x080017ae        0xc ./Core/Src/stm32l4xx_it.o
                0x080017ae                SysTick_Handler
 *fill*         0x080017ba        0x2 
 .text._sbrk    0x080017bc       0x6c ./Core/Src/sysmem.o
                0x080017bc                _sbrk
 .text.SystemInit
                0x08001828       0x24 ./Core/Src/system_stm32l4xx.o
                0x08001828                SystemInit
 .text.Reset_Handler
                0x0800184c       0x70 ./Core/Startup/startup_stm32l433rctx.o
                0x0800184c                Reset_Handler
 .text.Default_Handler
                0x080018bc        0x2 ./Core/Startup/startup_stm32l433rctx.o
                0x080018bc                TIM1_BRK_TIM15_IRQHandler
                0x080018bc                EXTI2_IRQHandler
                0x080018bc                TIM1_CC_IRQHandler
                0x080018bc                TSC_IRQHandler
                0x080018bc                TAMP_STAMP_IRQHandler
                0x080018bc                EXTI3_IRQHandler
                0x080018bc                LPTIM2_IRQHandler
                0x080018bc                I2C3_ER_IRQHandler
                0x080018bc                EXTI0_IRQHandler
                0x080018bc                I2C2_EV_IRQHandler
                0x080018bc                CAN1_RX0_IRQHandler
                0x080018bc                FPU_IRQHandler
                0x080018bc                TIM1_UP_TIM16_IRQHandler
                0x080018bc                SPI1_IRQHandler
                0x080018bc                TIM6_DAC_IRQHandler
                0x080018bc                DMA2_Channel2_IRQHandler
                0x080018bc                DMA1_Channel4_IRQHandler
                0x080018bc                ADC1_IRQHandler
                0x080018bc                USART3_IRQHandler
                0x080018bc                DMA1_Channel7_IRQHandler
                0x080018bc                CAN1_RX1_IRQHandler
                0x080018bc                LCD_IRQHandler
                0x080018bc                DMA2_Channel1_IRQHandler
                0x080018bc                QUADSPI_IRQHandler
                0x080018bc                I2C1_EV_IRQHandler
                0x080018bc                DMA1_Channel6_IRQHandler
                0x080018bc                DMA2_Channel4_IRQHandler
                0x080018bc                RCC_IRQHandler
                0x080018bc                TIM1_TRG_COM_IRQHandler
                0x080018bc                DMA1_Channel1_IRQHandler
                0x080018bc                Default_Handler
                0x080018bc                DMA2_Channel7_IRQHandler
                0x080018bc                EXTI15_10_IRQHandler
                0x080018bc                TIM7_IRQHandler
                0x080018bc                SDMMC1_IRQHandler
                0x080018bc                I2C3_EV_IRQHandler
                0x080018bc                USB_IRQHandler
                0x080018bc                EXTI9_5_IRQHandler
                0x080018bc                RTC_WKUP_IRQHandler
                0x080018bc                PVD_PVM_IRQHandler
                0x080018bc                SPI2_IRQHandler
                0x080018bc                CAN1_TX_IRQHandler
                0x080018bc                DMA2_Channel5_IRQHandler
                0x080018bc                CRS_IRQHandler
                0x080018bc                DMA1_Channel5_IRQHandler
                0x080018bc                EXTI4_IRQHandler
                0x080018bc                RNG_IRQHandler
                0x080018bc                DMA1_Channel3_IRQHandler
                0x080018bc                COMP_IRQHandler
                0x080018bc                WWDG_IRQHandler
                0x080018bc                LPUART1_IRQHandler
                0x080018bc                DMA2_Channel6_IRQHandler
                0x080018bc                TIM2_IRQHandler
                0x080018bc                EXTI1_IRQHandler
                0x080018bc                USART2_IRQHandler
                0x080018bc                I2C2_ER_IRQHandler
                0x080018bc                DMA1_Channel2_IRQHandler
                0x080018bc                CAN1_SCE_IRQHandler
                0x080018bc                FLASH_IRQHandler
                0x080018bc                USART1_IRQHandler
                0x080018bc                SPI3_IRQHandler
                0x080018bc                I2C1_ER_IRQHandler
                0x080018bc                SWPMI1_IRQHandler
                0x080018bc                LPTIM1_IRQHandler
                0x080018bc                SAI1_IRQHandler
                0x080018bc                DMA2_Channel3_IRQHandler
                0x080018bc                RTC_Alarm_IRQHandler
 .text.HAL_Init
                0x080018be       0x30 ./Drivers/STM32L4xx_HAL_Driver/Src/stm32l4xx_hal.o
                0x080018be                HAL_Init
 *fill*         0x080018ee        0x2 
 .text.HAL_InitTick
                0x080018f0       0x78 ./Drivers/STM32L4xx_HAL_Driver/Src/stm32l4xx_hal.o
                0x080018f0                HAL_InitTick
 .text.HAL_IncTick
                0x08001968       0x28 ./Drivers/STM32L4xx_HAL_Driver/Src/stm32l4xx_hal.o
                0x08001968                HAL_IncTick
 .text.HAL_GetTick
                0x08001990       0x18 ./Drivers/STM32L4xx_HAL_Driver/Src/stm32l4xx_hal.o
                0x08001990                HAL_GetTick
 .text.HAL_Delay
                0x080019a8       0x48 ./Drivers/STM32L4xx_HAL_Driver/Src/stm32l4xx_hal.o
                0x080019a8                HAL_Delay
 .text.LL_ADC_SetCommonClock
                0x080019f0       0x26 ./Drivers/STM32L4xx_HAL_Driver/Src/stm32l4xx_hal_adc.o
 .text.LL_ADC_SetCommonPathInternalCh
                0x08001a16       0x26 ./Drivers/STM32L4xx_HAL_Driver/Src/stm32l4xx_hal_adc.o
 .text.LL_ADC_GetCommonPathInternalCh
                0x08001a3c       0x1c ./Drivers/STM32L4xx_HAL_Driver/Src/stm32l4xx_hal_adc.o
 .text.LL_ADC_SetOffset
                0x08001a58       0x48 ./Drivers/STM32L4xx_HAL_Driver/Src/stm32l4xx_hal_adc.o
 .text.LL_ADC_GetOffsetChannel
                0x08001aa0       0x2c ./Drivers/STM32L4xx_HAL_Driver/Src/stm32l4xx_hal_adc.o
 .text.LL_ADC_SetOffsetState
                0x08001acc       0x36 ./Drivers/STM32L4xx_HAL_Driver/Src/stm32l4xx_hal_adc.o
 .text.LL_ADC_REG_SetSequencerRanks
                0x08001b02       0x58 ./Drivers/STM32L4xx_HAL_Driver/Src/stm32l4xx_hal_adc.o
 .text.LL_ADC_SetChannelSamplingTime
                0x08001b5a       0x56 ./Drivers/STM32L4xx_HAL_Driver/Src/stm32l4xx_hal_adc.o
 .text.LL_ADC_SetChannelSingleDiff
                0x08001bb0       0x48 ./Drivers/STM32L4xx_HAL_Driver/Src/stm32l4xx_hal_adc.o
 .text.LL_ADC_DisableDeepPowerDown
                0x08001bf8       0x24 ./Drivers/STM32L4xx_HAL_Driver/Src/stm32l4xx_hal_adc.o
 .text.LL_ADC_IsDeepPowerDownEnabled
                0x08001c1c       0x28 ./Drivers/STM32L4xx_HAL_Driver/Src/stm32l4xx_hal_adc.o
 .text.LL_ADC_EnableInternalRegulator
                0x08001c44       0x28 ./Drivers/STM32L4xx_HAL_Driver/Src/stm32l4xx_hal_adc.o
 .text.LL_ADC_IsInternalRegulatorEnabled
                0x08001c6c       0x28 ./Drivers/STM32L4xx_HAL_Driver/Src/stm32l4xx_hal_adc.o
 .text.LL_ADC_IsEnabled
                0x08001c94       0x26 ./Drivers/STM32L4xx_HAL_Driver/Src/stm32l4xx_hal_adc.o
 .text.LL_ADC_REG_IsConversionOngoing
                0x08001cba       0x26 ./Drivers/STM32L4xx_HAL_Driver/Src/stm32l4xx_hal_adc.o
 .text.LL_ADC_INJ_IsConversionOngoing
                0x08001ce0       0x26 ./Drivers/STM32L4xx_HAL_Driver/Src/stm32l4xx_hal_adc.o
 *fill*         0x08001d06        0x2 
 .text.HAL_ADC_Init
                0x08001d08      0x284 ./Drivers/STM32L4xx_HAL_Driver/Src/stm32l4xx_hal_adc.o
                0x08001d08                HAL_ADC_Init
 .text.HAL_ADC_ConfigChannel
                0x08001f8c      0x7c4 ./Drivers/STM32L4xx_HAL_Driver/Src/stm32l4xx_hal_adc.o
                0x08001f8c                HAL_ADC_ConfigChannel
 .text.__NVIC_SetPriorityGrouping
                0x08002750       0x48 ./Drivers/STM32L4xx_HAL_Driver/Src/stm32l4xx_hal_cortex.o
 .text.__NVIC_GetPriorityGrouping
                0x08002798       0x1c ./Drivers/STM32L4xx_HAL_Driver/Src/stm32l4xx_hal_cortex.o
 .text.__NVIC_SetPriority
                0x080027b4       0x54 ./Drivers/STM32L4xx_HAL_Driver/Src/stm32l4xx_hal_cortex.o
 .text.NVIC_EncodePriority
                0x08002808       0x66 ./Drivers/STM32L4xx_HAL_Driver/Src/stm32l4xx_hal_cortex.o
 *fill*         0x0800286e        0x2 
 .text.SysTick_Config
                0x08002870       0x44 ./Drivers/STM32L4xx_HAL_Driver/Src/stm32l4xx_hal_cortex.o
 .text.HAL_NVIC_SetPriorityGrouping
                0x080028b4       0x16 ./Drivers/STM32L4xx_HAL_Driver/Src/stm32l4xx_hal_cortex.o
                0x080028b4                HAL_NVIC_SetPriorityGrouping
 .text.HAL_NVIC_SetPriority
                0x080028ca       0x38 ./Drivers/STM32L4xx_HAL_Driver/Src/stm32l4xx_hal_cortex.o
                0x080028ca                HAL_NVIC_SetPriority
 .text.HAL_SYSTICK_Config
                0x08002902       0x18 ./Drivers/STM32L4xx_HAL_Driver/Src/stm32l4xx_hal_cortex.o
                0x08002902                HAL_SYSTICK_Config
 *fill*         0x0800291a        0x2 
 .text.HAL_GPIO_Init
                0x0800291c      0x2f4 ./Drivers/STM32L4xx_HAL_Driver/Src/stm32l4xx_hal_gpio.o
                0x0800291c                HAL_GPIO_Init
 .text.HAL_GPIO_WritePin
                0x08002c10       0x30 ./Drivers/STM32L4xx_HAL_Driver/Src/stm32l4xx_hal_gpio.o
                0x08002c10                HAL_GPIO_WritePin
 .text.HAL_GPIO_TogglePin
                0x08002c40       0x34 ./Drivers/STM32L4xx_HAL_Driver/Src/stm32l4xx_hal_gpio.o
                0x08002c40                HAL_GPIO_TogglePin
 .text.HAL_I2C_Init
                0x08002c74      0x136 ./Drivers/STM32L4xx_HAL_Driver/Src/stm32l4xx_hal_i2c.o
                0x08002c74                HAL_I2C_Init
 *fill*         0x08002daa        0x2 
 .text.HAL_I2C_Mem_Write
                0x08002dac      0x228 ./Drivers/STM32L4xx_HAL_Driver/Src/stm32l4xx_hal_i2c.o
                0x08002dac                HAL_I2C_Mem_Write
 .text.HAL_I2C_Mem_Read
                0x08002fd4      0x234 ./Drivers/STM32L4xx_HAL_Driver/Src/stm32l4xx_hal_i2c.o
                0x08002fd4                HAL_I2C_Mem_Read
 .text.HAL_I2C_IsDeviceReady
                0x08003208      0x1d8 ./Drivers/STM32L4xx_HAL_Driver/Src/stm32l4xx_hal_i2c.o
                0x08003208                HAL_I2C_IsDeviceReady
 .text.I2C_RequestMemoryWrite
                0x080033e0       0xa8 ./Drivers/STM32L4xx_HAL_Driver/Src/stm32l4xx_hal_i2c.o
 .text.I2C_RequestMemoryRead
                0x08003488       0xa8 ./Drivers/STM32L4xx_HAL_Driver/Src/stm32l4xx_hal_i2c.o
 .text.I2C_Flush_TXDR
                0x08003530       0x48 ./Drivers/STM32L4xx_HAL_Driver/Src/stm32l4xx_hal_i2c.o
 .text.I2C_WaitOnFlagUntilTimeout
                0x08003578       0xb2 ./Drivers/STM32L4xx_HAL_Driver/Src/stm32l4xx_hal_i2c.o
 .text.I2C_WaitOnTXISFlagUntilTimeout
                0x0800362a       0x8e ./Drivers/STM32L4xx_HAL_Driver/Src/stm32l4xx_hal_i2c.o
 .text.I2C_WaitOnSTOPFlagUntilTimeout
                0x080036b8       0x86 ./Drivers/STM32L4xx_HAL_Driver/Src/stm32l4xx_hal_i2c.o
 *fill*         0x0800373e        0x2 
 .text.I2C_IsErrorOccurred
                0x08003740      0x1c0 ./Drivers/STM32L4xx_HAL_Driver/Src/stm32l4xx_hal_i2c.o
 .text.I2C_TransferConfig
                0x08003900       0x64 ./Drivers/STM32L4xx_HAL_Driver/Src/stm32l4xx_hal_i2c.o
 .text.HAL_I2CEx_ConfigAnalogFilter
                0x08003964       0x96 ./Drivers/STM32L4xx_HAL_Driver/Src/stm32l4xx_hal_i2c_ex.o
                0x08003964                HAL_I2CEx_ConfigAnalogFilter
 .text.HAL_I2CEx_ConfigDigitalFilter
                0x080039fa       0x98 ./Drivers/STM32L4xx_HAL_Driver/Src/stm32l4xx_hal_i2c_ex.o
                0x080039fa                HAL_I2CEx_ConfigDigitalFilter
 *fill*         0x08003a92        0x2 
 .text.HAL_PWR_EnableBkUpAccess
                0x08003a94       0x20 ./Drivers/STM32L4xx_HAL_Driver/Src/stm32l4xx_hal_pwr.o
                0x08003a94                HAL_PWR_EnableBkUpAccess
 .text.HAL_PWREx_GetVoltageRange
                0x08003ab4       0x1c ./Drivers/STM32L4xx_HAL_Driver/Src/stm32l4xx_hal_pwr_ex.o
                0x08003ab4                HAL_PWREx_GetVoltageRange
 .text.HAL_PWREx_ControlVoltageScaling
                0x08003ad0       0xac ./Drivers/STM32L4xx_HAL_Driver/Src/stm32l4xx_hal_pwr_ex.o
                0x08003ad0                HAL_PWREx_ControlVoltageScaling
 .text.HAL_RCC_OscConfig
                0x08003b7c      0x828 ./Drivers/STM32L4xx_HAL_Driver/Src/stm32l4xx_hal_rcc.o
                0x08003b7c                HAL_RCC_OscConfig
 .text.HAL_RCC_ClockConfig
                0x080043a4      0x200 ./Drivers/STM32L4xx_HAL_Driver/Src/stm32l4xx_hal_rcc.o
                0x080043a4                HAL_RCC_ClockConfig
 .text.HAL_RCC_GetSysClockFreq
                0x080045a4      0x118 ./Drivers/STM32L4xx_HAL_Driver/Src/stm32l4xx_hal_rcc.o
                0x080045a4                HAL_RCC_GetSysClockFreq
 .text.HAL_RCC_GetHCLKFreq
                0x080046bc       0x18 ./Drivers/STM32L4xx_HAL_Driver/Src/stm32l4xx_hal_rcc.o
                0x080046bc                HAL_RCC_GetHCLKFreq
 .text.HAL_RCC_GetPCLK1Freq
                0x080046d4       0x2c ./Drivers/STM32L4xx_HAL_Driver/Src/stm32l4xx_hal_rcc.o
                0x080046d4                HAL_RCC_GetPCLK1Freq
 .text.HAL_RCC_GetPCLK2Freq
                0x08004700       0x2c ./Drivers/STM32L4xx_HAL_Driver/Src/stm32l4xx_hal_rcc.o
                0x08004700                HAL_RCC_GetPCLK2Freq
 .text.RCC_SetFlashLatencyFromMSIRange
                0x0800472c       0xc0 ./Drivers/STM32L4xx_HAL_Driver/Src/stm32l4xx_hal_rcc.o
 .text.HAL_RCCEx_PeriphCLKConfig
                0x080047ec      0x494 ./Drivers/STM32L4xx_HAL_Driver/Src/stm32l4xx_hal_rcc_ex.o
                0x080047ec                HAL_RCCEx_PeriphCLKConfig
 .text.HAL_RCCEx_EnableMSIPLLMode
                0x08004c80       0x20 ./Drivers/STM32L4xx_HAL_Driver/Src/stm32l4xx_hal_rcc_ex.o
                0x08004c80                HAL_RCCEx_EnableMSIPLLMode
 .text.RCCEx_PLLSAI1_Config
                0x08004ca0      0x1e4 ./Drivers/STM32L4xx_HAL_Driver/Src/stm32l4xx_hal_rcc_ex.o
 .text.HAL_SPI_Init
                0x08004e84      0x146 ./Drivers/STM32L4xx_HAL_Driver/Src/stm32l4xx_hal_spi.o
                0x08004e84                HAL_SPI_Init
 .text.HAL_TIM_Base_Init
                0x08004fca       0xae ./Drivers/STM32L4xx_HAL_Driver/Src/stm32l4xx_hal_tim.o
                0x08004fca                HAL_TIM_Base_Init
 .text.HAL_TIM_IC_Init
                0x08005078       0xae ./Drivers/STM32L4xx_HAL_Driver/Src/stm32l4xx_hal_tim.o
                0x08005078                HAL_TIM_IC_Init
 .text.HAL_TIM_IC_ConfigChannel
                0x08005126      0x138 ./Drivers/STM32L4xx_HAL_Driver/Src/stm32l4xx_hal_tim.o
                0x08005126                HAL_TIM_IC_ConfigChannel
 *fill*         0x0800525e        0x2 
 .text.TIM_Base_SetConfig
                0x08005260       0xe0 ./Drivers/STM32L4xx_HAL_Driver/Src/stm32l4xx_hal_tim.o
                0x08005260                TIM_Base_SetConfig
 .text.TIM_TI1_SetConfig
                0x08005340       0xac ./Drivers/STM32L4xx_HAL_Driver/Src/stm32l4xx_hal_tim.o
                0x08005340                TIM_TI1_SetConfig
 .text.TIM_TI2_SetConfig
                0x080053ec       0x7a ./Drivers/STM32L4xx_HAL_Driver/Src/stm32l4xx_hal_tim.o
 .text.TIM_TI3_SetConfig
                0x08005466       0x78 ./Drivers/STM32L4xx_HAL_Driver/Src/stm32l4xx_hal_tim.o
 .text.TIM_TI4_SetConfig
                0x080054de       0x7a ./Drivers/STM32L4xx_HAL_Driver/Src/stm32l4xx_hal_tim.o
 .text.HAL_TIMEx_MasterConfigSynchronization
                0x08005558       0xcc ./Drivers/STM32L4xx_HAL_Driver/Src/stm32l4xx_hal_tim_ex.o
                0x08005558                HAL_TIMEx_MasterConfigSynchronization
 .text.HAL_UART_Init
                0x08005624       0x9c ./Drivers/STM32L4xx_HAL_Driver/Src/stm32l4xx_hal_uart.o
                0x08005624                HAL_UART_Init
 .text.HAL_UART_Transmit
                0x080056c0      0x112 ./Drivers/STM32L4xx_HAL_Driver/Src/stm32l4xx_hal_uart.o
                0x080056c0                HAL_UART_Transmit
 *fill*         0x080057d2        0x2 
 .text.UART_SetConfig
                0x080057d4      0x4b4 ./Drivers/STM32L4xx_HAL_Driver/Src/stm32l4xx_hal_uart.o
                0x080057d4                UART_SetConfig
 .text.UART_AdvFeatureConfig
                0x08005c88      0x144 ./Drivers/STM32L4xx_HAL_Driver/Src/stm32l4xx_hal_uart.o
                0x08005c88                UART_AdvFeatureConfig
 .text.UART_CheckIdleState
                0x08005dcc      0x150 ./Drivers/STM32L4xx_HAL_Driver/Src/stm32l4xx_hal_uart.o
                0x08005dcc                UART_CheckIdleState
 .text.UART_WaitOnFlagUntilTimeout
                0x08005f1c       0xda ./Drivers/STM32L4xx_HAL_Driver/Src/stm32l4xx_hal_uart.o
                0x08005f1c                UART_WaitOnFlagUntilTimeout
 .text.UART_EndRxTransfer
                0x08005ff6       0xc8 ./Drivers/STM32L4xx_HAL_Driver/Src/stm32l4xx_hal_uart.o
 *fill*         0x080060be        0x2 
 .text.sprintf  0x080060c0       0x44 /Applications/ArmGNUToolchain/14.2.rel1/arm-none-eabi/bin/../lib/gcc/arm-none-eabi/14.2.1/../../../../arm-none-eabi/lib/thumb/v7e-m+fp/hard/libc_nano.a(libc_a-sprintf.o)
                0x080060c0                sprintf
                0x080060c0                siprintf
 .text.memset   0x08006104       0x10 /Applications/ArmGNUToolchain/14.2.rel1/arm-none-eabi/bin/../lib/gcc/arm-none-eabi/14.2.1/../../../../arm-none-eabi/lib/thumb/v7e-m+fp/hard/libc_nano.a(libc_a-memset.o)
                0x08006104                memset
 .text.__errno  0x08006114        0xc /Applications/ArmGNUToolchain/14.2.rel1/arm-none-eabi/bin/../lib/gcc/arm-none-eabi/14.2.1/../../../../arm-none-eabi/lib/thumb/v7e-m+fp/hard/libc_nano.a(libc_a-errno.o)
                0x08006114                __errno
 .text.__libc_init_array
                0x08006120       0x48 /Applications/ArmGNUToolchain/14.2.rel1/arm-none-eabi/bin/../lib/gcc/arm-none-eabi/14.2.1/../../../../arm-none-eabi/lib/thumb/v7e-m+fp/hard/libc_nano.a(libc_a-init.o)
                0x08006120                __libc_init_array
 .text.__retarget_lock_acquire_recursive
                0x08006168        0x2 /Applications/ArmGNUToolchain/14.2.rel1/arm-none-eabi/bin/../lib/gcc/arm-none-eabi/14.2.1/../../../../arm-none-eabi/lib/thumb/v7e-m+fp/hard/libc_nano.a(libc_a-lock.o)
                0x08006168                __retarget_lock_acquire_recursive
 .text.__retarget_lock_release_recursive
                0x0800616a        0x2 /Applications/ArmGNUToolchain/14.2.rel1/arm-none-eabi/bin/../lib/gcc/arm-none-eabi/14.2.1/../../../../arm-none-eabi/lib/thumb/v7e-m+fp/hard/libc_nano.a(libc_a-lock.o)
                0x0800616a                __retarget_lock_release_recursive
 .text.__ssputs_r
                0x0800616c       0xc0 /Applications/ArmGNUToolchain/14.2.rel1/arm-none-eabi/bin/../lib/gcc/arm-none-eabi/14.2.1/../../../../arm-none-eabi/lib/thumb/v7e-m+fp/hard/libc_nano.a(libc_a-nano-svfprintf.o)
                0x0800616c                __ssputs_r
 .text._svfprintf_r
                0x0800622c      0x1f8 /Applications/ArmGNUToolchain/14.2.rel1/arm-none-eabi/bin/../lib/gcc/arm-none-eabi/14.2.1/../../../../arm-none-eabi/lib/thumb/v7e-m+fp/hard/libc_nano.a(libc_a-nano-svfprintf.o)
                0x0800622c                _svfprintf_r
                0x0800622c                _svfiprintf_r
 .text.sbrk_aligned
                0x08006424       0x44 /Applications/ArmGNUToolchain/14.2.rel1/arm-none-eabi/bin/../lib/gcc/arm-none-eabi/14.2.1/../../../../arm-none-eabi/lib/thumb/v7e-m+fp/hard/libc_nano.a(libc_a-mallocr.o)
 .text._malloc_r
                0x08006468      0x100 /Applications/ArmGNUToolchain/14.2.rel1/arm-none-eabi/bin/../lib/gcc/arm-none-eabi/14.2.1/../../../../arm-none-eabi/lib/thumb/v7e-m+fp/hard/libc_nano.a(libc_a-mallocr.o)
                0x08006468                _malloc_r
 .text._printf_common
                0x08006568       0xda /Applications/ArmGNUToolchain/14.2.rel1/arm-none-eabi/bin/../lib/gcc/arm-none-eabi/14.2.1/../../../../arm-none-eabi/lib/thumb/v7e-m+fp/hard/libc_nano.a(libc_a-nano-vfprintf_i.o)
                0x08006568                _printf_common
 *fill*         0x08006642        0x2 
 .text._printf_i
                0x08006644      0x240 /Applications/ArmGNUToolchain/14.2.rel1/arm-none-eabi/bin/../lib/gcc/arm-none-eabi/14.2.1/../../../../arm-none-eabi/lib/thumb/v7e-m+fp/hard/libc_nano.a(libc_a-nano-vfprintf_i.o)
                0x08006644                _printf_i
 .text.__malloc_lock
                0x08006884        0xc /Applications/ArmGNUToolchain/14.2.rel1/arm-none-eabi/bin/../lib/gcc/arm-none-eabi/14.2.1/../../../../arm-none-eabi/lib/thumb/v7e-m+fp/hard/libc_nano.a(libc_a-mlock.o)
                0x08006884                __malloc_lock
 .text.__malloc_unlock
                0x08006890        0xc /Applications/ArmGNUToolchain/14.2.rel1/arm-none-eabi/bin/../lib/gcc/arm-none-eabi/14.2.1/../../../../arm-none-eabi/lib/thumb/v7e-m+fp/hard/libc_nano.a(libc_a-mlock.o)
                0x08006890                __malloc_unlock
 .text._realloc_r
                0x0800689c       0x5c /Applications/ArmGNUToolchain/14.2.rel1/arm-none-eabi/bin/../lib/gcc/arm-none-eabi/14.2.1/../../../../arm-none-eabi/lib/thumb/v7e-m+fp/hard/libc_nano.a(libc_a-reallocr.o)
                0x0800689c                _realloc_r
 .text.memmove  0x080068f8       0x32 /Applications/ArmGNUToolchain/14.2.rel1/arm-none-eabi/bin/../lib/gcc/arm-none-eabi/14.2.1/../../../../arm-none-eabi/lib/thumb/v7e-m+fp/hard/libc_nano.a(libc_a-memmove.o)
                0x080068f8                memmove
 *fill*         0x0800692a        0x2 
 .text._sbrk_r  0x0800692c       0x20 /Applications/ArmGNUToolchain/14.2.rel1/arm-none-eabi/bin/../lib/gcc/arm-none-eabi/14.2.1/../../../../arm-none-eabi/lib/thumb/v7e-m+fp/hard/libc_nano.a(libc_a-sbrkr.o)
                0x0800692c                _sbrk_r
 .text.memcpy   0x0800694c       0x1c /Applications/ArmGNUToolchain/14.2.rel1/arm-none-eabi/bin/../lib/gcc/arm-none-eabi/14.2.1/../../../../arm-none-eabi/lib/thumb/v7e-m+fp/hard/libc_nano.a(libc_a-memcpy-stub.o)
                0x0800694c                memcpy
 .text._free_r  0x08006968       0x94 /Applications/ArmGNUToolchain/14.2.rel1/arm-none-eabi/bin/../lib/gcc/arm-none-eabi/14.2.1/../../../../arm-none-eabi/lib/thumb/v7e-m+fp/hard/libc_nano.a(libc_a-freer.o)
                0x08006968                _free_r
 .text._malloc_usable_size_r
                0x080069fc       0x10 /Applications/ArmGNUToolchain/14.2.rel1/arm-none-eabi/bin/../lib/gcc/arm-none-eabi/14.2.1/../../../../arm-none-eabi/lib/thumb/v7e-m+fp/hard/libc_nano.a(libc_a-msizer.o)
                0x080069fc                _malloc_usable_size_r
 .text.__udivmoddi4
                0x08006a0c      0x2f8 /Applications/ArmGNUToolchain/14.2.rel1/arm-none-eabi/bin/../lib/gcc/arm-none-eabi/14.2.1/thumb/v7e-m+fp/hard/libgcc.a(_udivmoddi4.o)
                0x08006a0c                __udivmoddi4
 *(.glue_7)
 .glue_7        0x08006d04        0x0 linker stubs
 *(.glue_7t)
 .glue_7t       0x08006d04        0x0 linker stubs
 *(.eh_frame)
 .eh_frame      0x08006d04        0x0 /Applications/ArmGNUToolchain/14.2.rel1/arm-none-eabi/bin/../lib/gcc/arm-none-eabi/14.2.1/thumb/v7e-m+fp/hard/crtbegin.o
 *(.init)
 .init          0x08006d04        0x4 /Applications/ArmGNUToolchain/14.2.rel1/arm-none-eabi/bin/../lib/gcc/arm-none-eabi/14.2.1/thumb/v7e-m+fp/hard/crti.o
                0x08006d04                _init
 .init          0x08006d08        0x8 /Applications/ArmGNUToolchain/14.2.rel1/arm-none-eabi/bin/../lib/gcc/arm-none-eabi/14.2.1/thumb/v7e-m+fp/hard/crtn.o
 *(.fini)
 .fini          0x08006d10        0x4 /Applications/ArmGNUToolchain/14.2.rel1/arm-none-eabi/bin/../lib/gcc/arm-none-eabi/14.2.1/thumb/v7e-m+fp/hard/crti.o
                0x08006d10                _fini
 .fini          0x08006d14        0x8 /Applications/ArmGNUToolchain/14.2.rel1/arm-none-eabi/bin/../lib/gcc/arm-none-eabi/14.2.1/thumb/v7e-m+fp/hard/crtn.o
                0x08006d1c                        . = ALIGN (0x4)
                0x08006d1c                        _etext = .

.vfp11_veneer   0x08006d1c        0x0
 .vfp11_veneer  0x08006d1c        0x0 linker stubs

.v4_bx          0x08006d1c        0x0
 .v4_bx         0x08006d1c        0x0 linker stubs

.iplt           0x08006d1c        0x0
 .iplt          0x08006d1c        0x0 /Applications/ArmGNUToolchain/14.2.rel1/arm-none-eabi/bin/../lib/gcc/arm-none-eabi/14.2.1/thumb/v7e-m+fp/hard/crtbegin.o

.rodata         0x08006d1c       0xf8
                0x08006d1c                        . = ALIGN (0x4)
 *(.rodata)
 .rodata        0x08006d1c       0x7b ./Core/Src/main.o
 *(.rodata*)
 *fill*         0x08006d97        0x1 
 .rodata.AHBPrescTable
                0x08006d98       0x10 ./Core/Src/system_stm32l4xx.o
                0x08006d98                AHBPrescTable
 .rodata.APBPrescTable
                0x08006da8        0x8 ./Core/Src/system_stm32l4xx.o
                0x08006da8                APBPrescTable
 .rodata.MSIRangeTable
                0x08006db0       0x30 ./Core/Src/system_stm32l4xx.o
                0x08006db0                MSIRangeTable
 .rodata._svfprintf_r.str1.1
                0x08006de0       0x33 /Applications/ArmGNUToolchain/14.2.rel1/arm-none-eabi/bin/../lib/gcc/arm-none-eabi/14.2.1/../../../../arm-none-eabi/lib/thumb/v7e-m+fp/hard/libc_nano.a(libc_a-nano-svfprintf.o)
                                 0x11 (size before relaxing)
 .rodata._printf_i.str1.1
                0x08006e13       0x22 /Applications/ArmGNUToolchain/14.2.rel1/arm-none-eabi/bin/../lib/gcc/arm-none-eabi/14.2.1/../../../../arm-none-eabi/lib/thumb/v7e-m+fp/hard/libc_nano.a(libc_a-nano-vfprintf_i.o)
                0x08006e38                        . = ALIGN (0x4)
 *fill*         0x08006e13        0x1 

.ARM.extab      0x08006e14        0x0
                0x08006e14                        . = ALIGN (0x4)
 *(.ARM.extab* .gnu.linkonce.armextab.*)
                0x08006e14                        . = ALIGN (0x4)

.ARM            0x08006e14        0x8
                0x08006e14                        . = ALIGN (0x4)
                0x08006e14                        __exidx_start = .
 *(.ARM.exidx*)
 .ARM.exidx     0x08006e14        0x8 /Applications/ArmGNUToolchain/14.2.rel1/arm-none-eabi/bin/../lib/gcc/arm-none-eabi/14.2.1/../../../../arm-none-eabi/lib/thumb/v7e-m+fp/hard/libc_nano.a(libc_a-strlen.o)
 .ARM.exidx     0x08006e1c        0x0 /Applications/ArmGNUToolchain/14.2.rel1/arm-none-eabi/bin/../lib/gcc/arm-none-eabi/14.2.1/../../../../arm-none-eabi/lib/thumb/v7e-m+fp/hard/libc_nano.a(libc_a-memchr.o)
                                  0x8 (size before relaxing)
 .ARM.exidx.text.__udivmoddi4
                0x08006e1c        0x0 /Applications/ArmGNUToolchain/14.2.rel1/arm-none-eabi/bin/../lib/gcc/arm-none-eabi/14.2.1/thumb/v7e-m+fp/hard/libgcc.a(_udivmoddi4.o)
                                  0x8 (size before relaxing)
                0x08006e1c                        __exidx_end = .
                0x08006e1c                        . = ALIGN (0x4)

.preinit_array  0x08006e1c        0x0
                0x08006e1c                        . = ALIGN (0x4)
                0x08006e1c                        PROVIDE (__preinit_array_start = .)
 *(.preinit_array*)
                0x08006e1c                        PROVIDE (__preinit_array_end = .)
                0x08006e1c                        . = ALIGN (0x4)

.init_array     0x08006e1c        0x4
                0x08006e1c                        . = ALIGN (0x4)
                0x08006e1c                        PROVIDE (__init_array_start = .)
 *(SORT_BY_NAME(.init_array.*))
 *(.init_array*)
 .init_array    0x08006e1c        0x4 /Applications/ArmGNUToolchain/14.2.rel1/arm-none-eabi/bin/../lib/gcc/arm-none-eabi/14.2.1/thumb/v7e-m+fp/hard/crtbegin.o
                0x08006e20                        PROVIDE (__init_array_end = .)
                0x08006e20                        . = ALIGN (0x4)

.fini_array     0x08006e20        0x4
                0x08006e20                        . = ALIGN (0x4)
                [!provide]                        PROVIDE (__fini_array_start = .)
 *(SORT_BY_NAME(.fini_array.*))
 *(.fini_array*)
 .fini_array    0x08006e20        0x4 /Applications/ArmGNUToolchain/14.2.rel1/arm-none-eabi/bin/../lib/gcc/arm-none-eabi/14.2.1/thumb/v7e-m+fp/hard/crtbegin.o
                [!provide]                        PROVIDE (__fini_array_end = .)
                0x08006e24                        . = ALIGN (0x4)
                0x08006e24                        _sidata = LOADADDR (.data)

.rel.dyn        0x08006e24        0x0
 .rel.iplt      0x08006e24        0x0 /Applications/ArmGNUToolchain/14.2.rel1/arm-none-eabi/bin/../lib/gcc/arm-none-eabi/14.2.1/thumb/v7e-m+fp/hard/crtbegin.o

.data           0x20000000       0x7c load address 0x08006e24
                0x20000000                        . = ALIGN (0x4)
                0x20000000                        _sdata = .
 *(.data)
 *(.data*)
 .data.tx_buff  0x20000000       0x20 ./Core/Src/main.o
                0x20000000                tx_buff
 .data.SystemCoreClock
                0x20000020        0x4 ./Core/Src/system_stm32l4xx.o
                0x20000020                SystemCoreClock
 .data.uwTickPrio
                0x20000024        0x4 ./Drivers/STM32L4xx_HAL_Driver/Src/stm32l4xx_hal.o
                0x20000024                uwTickPrio
 .data.uwTickFreq
                0x20000028        0x1 ./Drivers/STM32L4xx_HAL_Driver/Src/stm32l4xx_hal.o
                0x20000028                uwTickFreq
 *fill*         0x20000029        0x3 
 .data._impure_ptr
                0x2000002c        0x4 /Applications/ArmGNUToolchain/14.2.rel1/arm-none-eabi/bin/../lib/gcc/arm-none-eabi/14.2.1/../../../../arm-none-eabi/lib/thumb/v7e-m+fp/hard/libc_nano.a(libc_a-impure.o)
                0x2000002c                _impure_ptr
 .data._impure_data
                0x20000030       0x4c /Applications/ArmGNUToolchain/14.2.rel1/arm-none-eabi/bin/../lib/gcc/arm-none-eabi/14.2.1/../../../../arm-none-eabi/lib/thumb/v7e-m+fp/hard/libc_nano.a(libc_a-impure.o)
                0x20000030                _impure_data
 *(.RamFunc)
 *(.RamFunc*)
                0x2000007c                        . = ALIGN (0x4)
                0x2000007c                        _edata = .

.tm_clone_table
                0x2000007c        0x0 load address 0x08006ea0
 .tm_clone_table
                0x2000007c        0x0 /Applications/ArmGNUToolchain/14.2.rel1/arm-none-eabi/bin/../lib/gcc/arm-none-eabi/14.2.1/thumb/v7e-m+fp/hard/crtbegin.o
 .tm_clone_table
                0x2000007c        0x0 /Applications/ArmGNUToolchain/14.2.rel1/arm-none-eabi/bin/../lib/gcc/arm-none-eabi/14.2.1/thumb/v7e-m+fp/hard/crtend.o

.igot.plt       0x2000007c        0x0 load address 0x08006ea0
 .igot.plt      0x2000007c        0x0 /Applications/ArmGNUToolchain/14.2.rel1/arm-none-eabi/bin/../lib/gcc/arm-none-eabi/14.2.1/thumb/v7e-m+fp/hard/crtbegin.o
                0x2000007c                        . = ALIGN (0x4)

.bss            0x2000007c      0x5d0 load address 0x08006ea0
                0x2000007c                        _sbss = .
                0x2000007c                        __bss_start__ = _sbss
 *(.bss)
 *(.bss*)
 .bss.completed.1
                0x2000007c        0x1 /Applications/ArmGNUToolchain/14.2.rel1/arm-none-eabi/bin/../lib/gcc/arm-none-eabi/14.2.1/thumb/v7e-m+fp/hard/crtbegin.o
 *fill*         0x2000007d        0x3 
 .bss.object.0  0x20000080       0x18 /Applications/ArmGNUToolchain/14.2.rel1/arm-none-eabi/bin/../lib/gcc/arm-none-eabi/14.2.1/thumb/v7e-m+fp/hard/crtbegin.o
 .bss.hadc1     0x20000098       0x64 ./Core/Src/main.o
                0x20000098                hadc1
 .bss.hi2c1     0x200000fc       0x54 ./Core/Src/main.o
                0x200000fc                hi2c1
 .bss.hi2c2     0x20000150       0x54 ./Core/Src/main.o
                0x20000150                hi2c2
 .bss.hi2c3     0x200001a4       0x54 ./Core/Src/main.o
                0x200001a4                hi2c3
 .bss.hlpuart1  0x200001f8       0x88 ./Core/Src/main.o
                0x200001f8                hlpuart1
 .bss.huart1    0x20000280       0x88 ./Core/Src/main.o
                0x20000280                huart1
 .bss.huart2    0x20000308       0x88 ./Core/Src/main.o
                0x20000308                huart2
 .bss.hspi1     0x20000390       0x64 ./Core/Src/main.o
                0x20000390                hspi1
 .bss.htim1     0x200003f4       0x4c ./Core/Src/main.o
                0x200003f4                htim1
 .bss.htim2     0x20000440       0x4c ./Core/Src/main.o
                0x20000440                htim2
 .bss.htim16    0x2000048c       0x4c ./Core/Src/main.o
                0x2000048c                htim16
 .bss.ec        0x200004d8        0xc ./Core/Src/main.o
                0x200004d8                ec
 .bss.dOxy      0x200004e4        0xc ./Core/Src/main.o
                0x200004e4                dOxy
 .bss.ph        0x200004f0        0xc ./Core/Src/main.o
                0x200004f0                ph
 .bss.__sbrk_heap_end
                0x200004fc        0x4 ./Core/Src/sysmem.o
 .bss.uwTick    0x20000500        0x4 ./Drivers/STM32L4xx_HAL_Driver/Src/stm32l4xx_hal.o
                0x20000500                uwTick
 .bss.__sf      0x20000504      0x138 /Applications/ArmGNUToolchain/14.2.rel1/arm-none-eabi/bin/../lib/gcc/arm-none-eabi/14.2.1/../../../../arm-none-eabi/lib/thumb/v7e-m+fp/hard/libc_nano.a(libc_a-findfp.o)
                0x20000504                __sf
 .bss.__lock___malloc_recursive_mutex
                0x2000063c        0x1 /Applications/ArmGNUToolchain/14.2.rel1/arm-none-eabi/bin/../lib/gcc/arm-none-eabi/14.2.1/../../../../arm-none-eabi/lib/thumb/v7e-m+fp/hard/libc_nano.a(libc_a-lock.o)
                0x2000063c                __lock___malloc_recursive_mutex
 *fill*         0x2000063d        0x3 
 .bss.__malloc_sbrk_start
                0x20000640        0x4 /Applications/ArmGNUToolchain/14.2.rel1/arm-none-eabi/bin/../lib/gcc/arm-none-eabi/14.2.1/../../../../arm-none-eabi/lib/thumb/v7e-m+fp/hard/libc_nano.a(libc_a-mallocr.o)
                0x20000640                __malloc_sbrk_start
 .bss.__malloc_free_list
                0x20000644        0x4 /Applications/ArmGNUToolchain/14.2.rel1/arm-none-eabi/bin/../lib/gcc/arm-none-eabi/14.2.1/../../../../arm-none-eabi/lib/thumb/v7e-m+fp/hard/libc_nano.a(libc_a-mallocr.o)
                0x20000644                __malloc_free_list
 .bss.errno     0x20000648        0x4 /Applications/ArmGNUToolchain/14.2.rel1/arm-none-eabi/bin/../lib/gcc/arm-none-eabi/14.2.1/../../../../arm-none-eabi/lib/thumb/v7e-m+fp/hard/libc_nano.a(libc_a-reent.o)
                0x20000648                errno
 *(COMMON)
                0x2000064c                        . = ALIGN (0x4)
                0x2000064c                        _ebss = .
                0x2000064c                        __bss_end__ = _ebss

._user_heap_stack
                0x2000064c      0x604 load address 0x08006ea0
                0x20000650                        . = ALIGN (0x8)
 *fill*         0x2000064c        0x4 
                [!provide]                        PROVIDE (end = .)
                0x20000650                        PROVIDE (_end = .)
                0x20000850                        . = (. + _Min_Heap_Size)
 *fill*         0x20000650      0x200 
                0x20000c50                        . = (. + _Min_Stack_Size)
 *fill*         0x20000850      0x400 
                0x20000c50                        . = ALIGN (0x8)

/DISCARD/
 libc.a(*)
 libm.a(*)
 libgcc.a(*)

.ARM.attributes
                0x00000000       0x30
 *(.ARM.attributes)
 .ARM.attributes
                0x00000000       0x22 /Applications/ArmGNUToolchain/14.2.rel1/arm-none-eabi/bin/../lib/gcc/arm-none-eabi/14.2.1/thumb/v7e-m+fp/hard/crti.o
 .ARM.attributes
                0x00000022       0x34 /Applications/ArmGNUToolchain/14.2.rel1/arm-none-eabi/bin/../lib/gcc/arm-none-eabi/14.2.1/thumb/v7e-m+fp/hard/crtbegin.o
 .ARM.attributes
                0x00000056       0x34 ./Core/Src/main.o
 .ARM.attributes
                0x0000008a       0x34 ./Core/Src/oem_library.o
 .ARM.attributes
                0x000000be       0x34 ./Core/Src/stm32l4xx_hal_msp.o
 .ARM.attributes
                0x000000f2       0x34 ./Core/Src/stm32l4xx_it.o
 .ARM.attributes
                0x00000126       0x34 ./Core/Src/sysmem.o
 .ARM.attributes
                0x0000015a       0x34 ./Core/Src/system_stm32l4xx.o
 .ARM.attributes
                0x0000018e       0x21 ./Core/Startup/startup_stm32l433rctx.o
 .ARM.attributes
                0x000001af       0x34 ./Drivers/STM32L4xx_HAL_Driver/Src/stm32l4xx_hal.o
 .ARM.attributes
                0x000001e3       0x34 ./Drivers/STM32L4xx_HAL_Driver/Src/stm32l4xx_hal_adc.o
 .ARM.attributes
                0x00000217       0x34 ./Drivers/STM32L4xx_HAL_Driver/Src/stm32l4xx_hal_cortex.o
 .ARM.attributes
                0x0000024b       0x34 ./Drivers/STM32L4xx_HAL_Driver/Src/stm32l4xx_hal_gpio.o
 .ARM.attributes
                0x0000027f       0x34 ./Drivers/STM32L4xx_HAL_Driver/Src/stm32l4xx_hal_i2c.o
 .ARM.attributes
                0x000002b3       0x34 ./Drivers/STM32L4xx_HAL_Driver/Src/stm32l4xx_hal_i2c_ex.o
 .ARM.attributes
                0x000002e7       0x34 ./Drivers/STM32L4xx_HAL_Driver/Src/stm32l4xx_hal_pwr.o
 .ARM.attributes
                0x0000031b       0x34 ./Drivers/STM32L4xx_HAL_Driver/Src/stm32l4xx_hal_pwr_ex.o
 .ARM.attributes
                0x0000034f       0x34 ./Drivers/STM32L4xx_HAL_Driver/Src/stm32l4xx_hal_rcc.o
 .ARM.attributes
                0x00000383       0x34 ./Drivers/STM32L4xx_HAL_Driver/Src/stm32l4xx_hal_rcc_ex.o
 .ARM.attributes
                0x000003b7       0x34 ./Drivers/STM32L4xx_HAL_Driver/Src/stm32l4xx_hal_spi.o
 .ARM.attributes
                0x000003eb       0x34 ./Drivers/STM32L4xx_HAL_Driver/Src/stm32l4xx_hal_tim.o
 .ARM.attributes
                0x0000041f       0x34 ./Drivers/STM32L4xx_HAL_Driver/Src/stm32l4xx_hal_tim_ex.o
 .ARM.attributes
                0x00000453       0x34 ./Drivers/STM32L4xx_HAL_Driver/Src/stm32l4xx_hal_uart.o
 .ARM.attributes
                0x00000487       0x34 /Applications/ArmGNUToolchain/14.2.rel1/arm-none-eabi/bin/../lib/gcc/arm-none-eabi/14.2.1/../../../../arm-none-eabi/lib/thumb/v7e-m+fp/hard/libc_nano.a(libc_a-sprintf.o)
 .ARM.attributes
                0x000004bb       0x34 /Applications/ArmGNUToolchain/14.2.rel1/arm-none-eabi/bin/../lib/gcc/arm-none-eabi/14.2.1/../../../../arm-none-eabi/lib/thumb/v7e-m+fp/hard/libc_nano.a(libc_a-findfp.o)
 .ARM.attributes
                0x000004ef       0x34 /Applications/ArmGNUToolchain/14.2.rel1/arm-none-eabi/bin/../lib/gcc/arm-none-eabi/14.2.1/../../../../arm-none-eabi/lib/thumb/v7e-m+fp/hard/libc_nano.a(libc_a-memset.o)
 .ARM.attributes
                0x00000523       0x34 /Applications/ArmGNUToolchain/14.2.rel1/arm-none-eabi/bin/../lib/gcc/arm-none-eabi/14.2.1/../../../../arm-none-eabi/lib/thumb/v7e-m+fp/hard/libc_nano.a(libc_a-errno.o)
 .ARM.attributes
                0x00000557       0x34 /Applications/ArmGNUToolchain/14.2.rel1/arm-none-eabi/bin/../lib/gcc/arm-none-eabi/14.2.1/../../../../arm-none-eabi/lib/thumb/v7e-m+fp/hard/libc_nano.a(libc_a-init.o)
 .ARM.attributes
                0x0000058b       0x34 /Applications/ArmGNUToolchain/14.2.rel1/arm-none-eabi/bin/../lib/gcc/arm-none-eabi/14.2.1/../../../../arm-none-eabi/lib/thumb/v7e-m+fp/hard/libc_nano.a(libc_a-lock.o)
 .ARM.attributes
                0x000005bf       0x34 /Applications/ArmGNUToolchain/14.2.rel1/arm-none-eabi/bin/../lib/gcc/arm-none-eabi/14.2.1/../../../../arm-none-eabi/lib/thumb/v7e-m+fp/hard/libc_nano.a(libc_a-impure.o)
 .ARM.attributes
                0x000005f3       0x17 /Applications/ArmGNUToolchain/14.2.rel1/arm-none-eabi/bin/../lib/gcc/arm-none-eabi/14.2.1/../../../../arm-none-eabi/lib/thumb/v7e-m+fp/hard/libc_nano.a(libc_a-strlen.o)
 .ARM.attributes
                0x0000060a       0x34 /Applications/ArmGNUToolchain/14.2.rel1/arm-none-eabi/bin/../lib/gcc/arm-none-eabi/14.2.1/../../../../arm-none-eabi/lib/thumb/v7e-m+fp/hard/libc_nano.a(libc_a-nano-svfprintf.o)
 .ARM.attributes
                0x0000063e       0x34 /Applications/ArmGNUToolchain/14.2.rel1/arm-none-eabi/bin/../lib/gcc/arm-none-eabi/14.2.1/../../../../arm-none-eabi/lib/thumb/v7e-m+fp/hard/libc_nano.a(libc_a-mallocr.o)
 .ARM.attributes
                0x00000672       0x34 /Applications/ArmGNUToolchain/14.2.rel1/arm-none-eabi/bin/../lib/gcc/arm-none-eabi/14.2.1/../../../../arm-none-eabi/lib/thumb/v7e-m+fp/hard/libc_nano.a(libc_a-nano-vfprintf_i.o)
 .ARM.attributes
                0x000006a6       0x34 /Applications/ArmGNUToolchain/14.2.rel1/arm-none-eabi/bin/../lib/gcc/arm-none-eabi/14.2.1/../../../../arm-none-eabi/lib/thumb/v7e-m+fp/hard/libc_nano.a(libc_a-mlock.o)
 .ARM.attributes
                0x000006da       0x34 /Applications/ArmGNUToolchain/14.2.rel1/arm-none-eabi/bin/../lib/gcc/arm-none-eabi/14.2.1/../../../../arm-none-eabi/lib/thumb/v7e-m+fp/hard/libc_nano.a(libc_a-reallocr.o)
 .ARM.attributes
                0x0000070e       0x34 /Applications/ArmGNUToolchain/14.2.rel1/arm-none-eabi/bin/../lib/gcc/arm-none-eabi/14.2.1/../../../../arm-none-eabi/lib/thumb/v7e-m+fp/hard/libc_nano.a(libc_a-memmove.o)
 .ARM.attributes
                0x00000742       0x34 /Applications/ArmGNUToolchain/14.2.rel1/arm-none-eabi/bin/../lib/gcc/arm-none-eabi/14.2.1/../../../../arm-none-eabi/lib/thumb/v7e-m+fp/hard/libc_nano.a(libc_a-sbrkr.o)
 .ARM.attributes
                0x00000776       0x34 /Applications/ArmGNUToolchain/14.2.rel1/arm-none-eabi/bin/../lib/gcc/arm-none-eabi/14.2.1/../../../../arm-none-eabi/lib/thumb/v7e-m+fp/hard/libc_nano.a(libc_a-reent.o)
 .ARM.attributes
                0x000007aa       0x1c /Applications/ArmGNUToolchain/14.2.rel1/arm-none-eabi/bin/../lib/gcc/arm-none-eabi/14.2.1/../../../../arm-none-eabi/lib/thumb/v7e-m+fp/hard/libc_nano.a(libc_a-memchr.o)
 .ARM.attributes
                0x000007c6       0x34 /Applications/ArmGNUToolchain/14.2.rel1/arm-none-eabi/bin/../lib/gcc/arm-none-eabi/14.2.1/../../../../arm-none-eabi/lib/thumb/v7e-m+fp/hard/libc_nano.a(libc_a-memcpy-stub.o)
 .ARM.attributes
                0x000007fa       0x34 /Applications/ArmGNUToolchain/14.2.rel1/arm-none-eabi/bin/../lib/gcc/arm-none-eabi/14.2.1/../../../../arm-none-eabi/lib/thumb/v7e-m+fp/hard/libc_nano.a(libc_a-freer.o)
 .ARM.attributes
                0x0000082e       0x34 /Applications/ArmGNUToolchain/14.2.rel1/arm-none-eabi/bin/../lib/gcc/arm-none-eabi/14.2.1/../../../../arm-none-eabi/lib/thumb/v7e-m+fp/hard/libc_nano.a(libc_a-msizer.o)
 .ARM.attributes
                0x00000862       0x22 /Applications/ArmGNUToolchain/14.2.rel1/arm-none-eabi/bin/../lib/gcc/arm-none-eabi/14.2.1/thumb/v7e-m+fp/hard/libgcc.a(_aeabi_uldivmod.o)
 .ARM.attributes
                0x00000884       0x34 /Applications/ArmGNUToolchain/14.2.rel1/arm-none-eabi/bin/../lib/gcc/arm-none-eabi/14.2.1/thumb/v7e-m+fp/hard/libgcc.a(_udivmoddi4.o)
 .ARM.attributes
                0x000008b8       0x22 /Applications/ArmGNUToolchain/14.2.rel1/arm-none-eabi/bin/../lib/gcc/arm-none-eabi/14.2.1/thumb/v7e-m+fp/hard/libgcc.a(_dvmd_tls.o)
 .ARM.attributes
                0x000008da       0x34 /Applications/ArmGNUToolchain/14.2.rel1/arm-none-eabi/bin/../lib/gcc/arm-none-eabi/14.2.1/thumb/v7e-m+fp/hard/crtend.o
 .ARM.attributes
                0x0000090e       0x22 /Applications/ArmGNUToolchain/14.2.rel1/arm-none-eabi/bin/../lib/gcc/arm-none-eabi/14.2.1/thumb/v7e-m+fp/hard/crtn.o
OUTPUT(JAIA_BIO-PAYLOAD.elf elf32-littlearm)
LOAD linker stubs
LOAD /Applications/ArmGNUToolchain/14.2.rel1/arm-none-eabi/bin/../lib/gcc/arm-none-eabi/14.2.1/../../../../arm-none-eabi/lib/thumb/v7e-m+fp/hard/libc.a
LOAD /Applications/ArmGNUToolchain/14.2.rel1/arm-none-eabi/bin/../lib/gcc/arm-none-eabi/14.2.1/../../../../arm-none-eabi/lib/thumb/v7e-m+fp/hard/libm.a
LOAD /Applications/ArmGNUToolchain/14.2.rel1/arm-none-eabi/bin/../lib/gcc/arm-none-eabi/14.2.1/thumb/v7e-m+fp/hard/libgcc.a

.debug_info     0x00000000    0x17761
 .debug_info    0x00000000     0x2338 ./Core/Src/main.o
 .debug_info    0x00002338      0x8a6 ./Core/Src/oem_library.o
 .debug_info    0x00002bde     0x1dd2 ./Core/Src/stm32l4xx_hal_msp.o
 .debug_info    0x000049b0      0x113 ./Core/Src/stm32l4xx_it.o
 .debug_info    0x00004ac3      0x168 ./Core/Src/sysmem.o
 .debug_info    0x00004c2b      0x5bf ./Core/Src/system_stm32l4xx.o
 .debug_info    0x000051ea       0x30 ./Core/Startup/startup_stm32l433rctx.o
 .debug_info    0x0000521a      0xa9f ./Drivers/STM32L4xx_HAL_Driver/Src/stm32l4xx_hal.o
 .debug_info    0x00005cb9     0x1cc4 ./Drivers/STM32L4xx_HAL_Driver/Src/stm32l4xx_hal_adc.o
 .debug_info    0x0000797d      0xd27 ./Drivers/STM32L4xx_HAL_Driver/Src/stm32l4xx_hal_cortex.o
 .debug_info    0x000086a4      0x757 ./Drivers/STM32L4xx_HAL_Driver/Src/stm32l4xx_hal_gpio.o
 .debug_info    0x00008dfb     0x20d2 ./Drivers/STM32L4xx_HAL_Driver/Src/stm32l4xx_hal_i2c.o
 .debug_info    0x0000aecd      0x981 ./Drivers/STM32L4xx_HAL_Driver/Src/stm32l4xx_hal_i2c_ex.o
 .debug_info    0x0000b84e      0x92c ./Drivers/STM32L4xx_HAL_Driver/Src/stm32l4xx_hal_pwr.o
 .debug_info    0x0000c17a      0x920 ./Drivers/STM32L4xx_HAL_Driver/Src/stm32l4xx_hal_pwr_ex.o
 .debug_info    0x0000ca9a      0xbc3 ./Drivers/STM32L4xx_HAL_Driver/Src/stm32l4xx_hal_rcc.o
 .debug_info    0x0000d65d      0xf0c ./Drivers/STM32L4xx_HAL_Driver/Src/stm32l4xx_hal_rcc_ex.o
 .debug_info    0x0000e569     0x1549 ./Drivers/STM32L4xx_HAL_Driver/Src/stm32l4xx_hal_spi.o
 .debug_info    0x0000fab2     0x2a9a ./Drivers/STM32L4xx_HAL_Driver/Src/stm32l4xx_hal_tim.o
 .debug_info    0x0001254c     0x169e ./Drivers/STM32L4xx_HAL_Driver/Src/stm32l4xx_hal_tim_ex.o
 .debug_info    0x00013bea     0x3b77 ./Drivers/STM32L4xx_HAL_Driver/Src/stm32l4xx_hal_uart.o

.debug_abbrev   0x00000000     0x2b03
 .debug_abbrev  0x00000000      0x32f ./Core/Src/main.o
 .debug_abbrev  0x0000032f      0x1ab ./Core/Src/oem_library.o
 .debug_abbrev  0x000004da      0x234 ./Core/Src/stm32l4xx_hal_msp.o
 .debug_abbrev  0x0000070e       0x73 ./Core/Src/stm32l4xx_it.o
 .debug_abbrev  0x00000781       0xbc ./Core/Src/sysmem.o
 .debug_abbrev  0x0000083d      0x11a ./Core/Src/system_stm32l4xx.o
 .debug_abbrev  0x00000957       0x24 ./Core/Startup/startup_stm32l433rctx.o
 .debug_abbrev  0x0000097b      0x242 ./Drivers/STM32L4xx_HAL_Driver/Src/stm32l4xx_hal.o
 .debug_abbrev  0x00000bbd      0x2d7 ./Drivers/STM32L4xx_HAL_Driver/Src/stm32l4xx_hal_adc.o
 .debug_abbrev  0x00000e94      0x31c ./Drivers/STM32L4xx_HAL_Driver/Src/stm32l4xx_hal_cortex.o
 .debug_abbrev  0x000011b0      0x1cb ./Drivers/STM32L4xx_HAL_Driver/Src/stm32l4xx_hal_gpio.o
 .debug_abbrev  0x0000137b      0x261 ./Drivers/STM32L4xx_HAL_Driver/Src/stm32l4xx_hal_i2c.o
 .debug_abbrev  0x000015dc      0x1c3 ./Drivers/STM32L4xx_HAL_Driver/Src/stm32l4xx_hal_i2c_ex.o
 .debug_abbrev  0x0000179f      0x1d4 ./Drivers/STM32L4xx_HAL_Driver/Src/stm32l4xx_hal_pwr.o
 .debug_abbrev  0x00001973      0x1f9 ./Drivers/STM32L4xx_HAL_Driver/Src/stm32l4xx_hal_pwr_ex.o
 .debug_abbrev  0x00001b6c      0x2cb ./Drivers/STM32L4xx_HAL_Driver/Src/stm32l4xx_hal_rcc.o
 .debug_abbrev  0x00001e37      0x2a1 ./Drivers/STM32L4xx_HAL_Driver/Src/stm32l4xx_hal_rcc_ex.o
 .debug_abbrev  0x000020d8      0x260 ./Drivers/STM32L4xx_HAL_Driver/Src/stm32l4xx_hal_spi.o
 .debug_abbrev  0x00002338      0x278 ./Drivers/STM32L4xx_HAL_Driver/Src/stm32l4xx_hal_tim.o
 .debug_abbrev  0x000025b0      0x283 ./Drivers/STM32L4xx_HAL_Driver/Src/stm32l4xx_hal_tim_ex.o
 .debug_abbrev  0x00002833      0x2d0 ./Drivers/STM32L4xx_HAL_Driver/Src/stm32l4xx_hal_uart.o

.debug_aranges  0x00000000     0x1690
 .debug_aranges
                0x00000000       0xa8 ./Core/Src/main.o
 .debug_aranges
                0x000000a8       0x50 ./Core/Src/oem_library.o
 .debug_aranges
                0x000000f8       0x80 ./Core/Src/stm32l4xx_hal_msp.o
 .debug_aranges
                0x00000178       0x60 ./Core/Src/stm32l4xx_it.o
 .debug_aranges
                0x000001d8       0x20 ./Core/Src/sysmem.o
 .debug_aranges
                0x000001f8       0x28 ./Core/Src/system_stm32l4xx.o
 .debug_aranges
                0x00000220       0x28 ./Core/Startup/startup_stm32l433rctx.o
 .debug_aranges
                0x00000248      0x130 ./Drivers/STM32L4xx_HAL_Driver/Src/stm32l4xx_hal.o
 .debug_aranges
                0x00000378      0x210 ./Drivers/STM32L4xx_HAL_Driver/Src/stm32l4xx_hal_adc.o
 .debug_aranges
                0x00000588      0x128 ./Drivers/STM32L4xx_HAL_Driver/Src/stm32l4xx_hal_cortex.o
 .debug_aranges
                0x000006b0       0x58 ./Drivers/STM32L4xx_HAL_Driver/Src/stm32l4xx_hal_gpio.o
 .debug_aranges
                0x00000708      0x2a0 ./Drivers/STM32L4xx_HAL_Driver/Src/stm32l4xx_hal_i2c.o
 .debug_aranges
                0x000009a8       0x48 ./Drivers/STM32L4xx_HAL_Driver/Src/stm32l4xx_hal_i2c_ex.o
 .debug_aranges
                0x000009f0       0x98 ./Drivers/STM32L4xx_HAL_Driver/Src/stm32l4xx_hal_pwr.o
 .debug_aranges
                0x00000a88      0x128 ./Drivers/STM32L4xx_HAL_Driver/Src/stm32l4xx_hal_pwr_ex.o
 .debug_aranges
                0x00000bb0       0x90 ./Drivers/STM32L4xx_HAL_Driver/Src/stm32l4xx_hal_rcc.o
 .debug_aranges
                0x00000c40       0xf0 ./Drivers/STM32L4xx_HAL_Driver/Src/stm32l4xx_hal_rcc_ex.o
 .debug_aranges
                0x00000d30      0x1d8 ./Drivers/STM32L4xx_HAL_Driver/Src/stm32l4xx_hal_spi.o
 .debug_aranges
                0x00000f08      0x3e0 ./Drivers/STM32L4xx_HAL_Driver/Src/stm32l4xx_hal_tim.o
 .debug_aranges
                0x000012e8      0x180 ./Drivers/STM32L4xx_HAL_Driver/Src/stm32l4xx_hal_tim_ex.o
 .debug_aranges
                0x00001468      0x228 ./Drivers/STM32L4xx_HAL_Driver/Src/stm32l4xx_hal_uart.o

.debug_rnglists
                0x00000000     0x11bb
 .debug_rnglists
                0x00000000       0x84 ./Core/Src/main.o
 .debug_rnglists
                0x00000084       0x38 ./Core/Src/oem_library.o
 .debug_rnglists
                0x000000bc       0x63 ./Core/Src/stm32l4xx_hal_msp.o
 .debug_rnglists
                0x0000011f       0x43 ./Core/Src/stm32l4xx_it.o
 .debug_rnglists
                0x00000162       0x13 ./Core/Src/sysmem.o
 .debug_rnglists
                0x00000175       0x1a ./Core/Src/system_stm32l4xx.o
 .debug_rnglists
                0x0000018f       0x19 ./Core/Startup/startup_stm32l433rctx.o
 .debug_rnglists
                0x000001a8       0xdf ./Drivers/STM32L4xx_HAL_Driver/Src/stm32l4xx_hal.o
 .debug_rnglists
                0x00000287      0x196 ./Drivers/STM32L4xx_HAL_Driver/Src/stm32l4xx_hal_adc.o
 .debug_rnglists
                0x0000041d       0xda ./Drivers/STM32L4xx_HAL_Driver/Src/stm32l4xx_hal_cortex.o
 .debug_rnglists
                0x000004f7       0x3f ./Drivers/STM32L4xx_HAL_Driver/Src/stm32l4xx_hal_gpio.o
 .debug_rnglists
                0x00000536      0x228 ./Drivers/STM32L4xx_HAL_Driver/Src/stm32l4xx_hal_i2c.o
 .debug_rnglists
                0x0000075e       0x35 ./Drivers/STM32L4xx_HAL_Driver/Src/stm32l4xx_hal_i2c_ex.o
 .debug_rnglists
                0x00000793       0x6e ./Drivers/STM32L4xx_HAL_Driver/Src/stm32l4xx_hal_pwr.o
 .debug_rnglists
                0x00000801       0xdf ./Drivers/STM32L4xx_HAL_Driver/Src/stm32l4xx_hal_pwr_ex.o
 .debug_rnglists
                0x000008e0       0x6d ./Drivers/STM32L4xx_HAL_Driver/Src/stm32l4xx_hal_rcc.o
 .debug_rnglists
                0x0000094d       0xba ./Drivers/STM32L4xx_HAL_Driver/Src/stm32l4xx_hal_rcc_ex.o
 .debug_rnglists
                0x00000a07      0x178 ./Drivers/STM32L4xx_HAL_Driver/Src/stm32l4xx_hal_spi.o
 .debug_rnglists
                0x00000b7f      0x328 ./Drivers/STM32L4xx_HAL_Driver/Src/stm32l4xx_hal_tim.o
 .debug_rnglists
                0x00000ea7      0x139 ./Drivers/STM32L4xx_HAL_Driver/Src/stm32l4xx_hal_tim_ex.o
 .debug_rnglists
                0x00000fe0      0x1db ./Drivers/STM32L4xx_HAL_Driver/Src/stm32l4xx_hal_uart.o

.debug_macro    0x00000000     0x462c
 .debug_macro   0x00000000      0x335 ./Core/Src/main.o
 .debug_macro   0x00000335      0xad8 ./Core/Src/main.o
 .debug_macro   0x00000e0d       0x22 ./Core/Src/main.o
 .debug_macro   0x00000e2f       0x8e ./Core/Src/main.o
 .debug_macro   0x00000ebd      0x190 ./Core/Src/main.o
 .debug_macro   0x0000104d       0xd6 ./Core/Src/main.o
 .debug_macro   0x00001123       0x61 ./Core/Src/main.o
 .debug_macro   0x00001184       0x2a ./Core/Src/main.o
 .debug_macro   0x000011ae      0x364 ./Core/Src/main.o
 .debug_macro   0x00001512       0x4a ./Core/Src/main.o
 .debug_macro   0x0000155c       0x10 ./Core/Src/main.o
 .debug_macro   0x0000156c       0x8e ./Core/Src/main.o
 .debug_macro   0x000015fa      0x185 ./Core/Src/main.o
 .debug_macro   0x0000177f       0x3c ./Core/Src/main.o
 .debug_macro   0x000017bb       0xa0 ./Core/Src/main.o
 .debug_macro   0x0000185b       0x1c ./Core/Src/main.o
 .debug_macro   0x00001877       0x10 ./Core/Src/main.o
 .debug_macro   0x00001887       0x1c ./Core/Src/main.o
 .debug_macro   0x000018a3       0x16 ./Core/Src/main.o
 .debug_macro   0x000018b9      0x146 ./Core/Src/main.o
 .debug_macro   0x000019ff      0x2e9 ./Core/Src/oem_library.o
 .debug_macro   0x00001ce8       0x9a ./Core/Src/oem_library.o
 .debug_macro   0x00001d82      0x220 ./Core/Src/stm32l4xx_hal_msp.o
 .debug_macro   0x00001fa2      0x22a ./Core/Src/stm32l4xx_it.o
 .debug_macro   0x000021cc       0xff ./Core/Src/sysmem.o
 .debug_macro   0x000022cb      0x23c ./Core/Src/sysmem.o
 .debug_macro   0x00002507      0x211 ./Core/Src/system_stm32l4xx.o
 .debug_macro   0x00002718      0x25f ./Drivers/STM32L4xx_HAL_Driver/Src/stm32l4xx_hal.o
 .debug_macro   0x00002977      0x22e ./Drivers/STM32L4xx_HAL_Driver/Src/stm32l4xx_hal_adc.o
 .debug_macro   0x00002ba5      0x211 ./Drivers/STM32L4xx_HAL_Driver/Src/stm32l4xx_hal_cortex.o
 .debug_macro   0x00002db6      0x218 ./Drivers/STM32L4xx_HAL_Driver/Src/stm32l4xx_hal_gpio.o
 .debug_macro   0x00002fce      0x2dd ./Drivers/STM32L4xx_HAL_Driver/Src/stm32l4xx_hal_i2c.o
 .debug_macro   0x000032ab      0x211 ./Drivers/STM32L4xx_HAL_Driver/Src/stm32l4xx_hal_i2c_ex.o
 .debug_macro   0x000034bc      0x229 ./Drivers/STM32L4xx_HAL_Driver/Src/stm32l4xx_hal_pwr.o
 .debug_macro   0x000036e5      0x235 ./Drivers/STM32L4xx_HAL_Driver/Src/stm32l4xx_hal_pwr_ex.o
 .debug_macro   0x0000391a      0x253 ./Drivers/STM32L4xx_HAL_Driver/Src/stm32l4xx_hal_rcc.o
 .debug_macro   0x00003b6d      0x247 ./Drivers/STM32L4xx_HAL_Driver/Src/stm32l4xx_hal_rcc_ex.o
 .debug_macro   0x00003db4      0x219 ./Drivers/STM32L4xx_HAL_Driver/Src/stm32l4xx_hal_spi.o
 .debug_macro   0x00003fcd      0x212 ./Drivers/STM32L4xx_HAL_Driver/Src/stm32l4xx_hal_tim.o
 .debug_macro   0x000041df      0x211 ./Drivers/STM32L4xx_HAL_Driver/Src/stm32l4xx_hal_tim_ex.o
 .debug_macro   0x000043f0      0x23c ./Drivers/STM32L4xx_HAL_Driver/Src/stm32l4xx_hal_uart.o

.debug_line     0x00000000    0x1a07a
 .debug_line    0x00000000      0xcdc ./Core/Src/main.o
 .debug_line    0x00000cdc      0x80c ./Core/Src/oem_library.o
 .debug_line    0x000014e8      0xb0d ./Core/Src/stm32l4xx_hal_msp.o
 .debug_line    0x00001ff5      0x848 ./Core/Src/stm32l4xx_it.o
 .debug_line    0x0000283d      0x512 ./Core/Src/sysmem.o
 .debug_line    0x00002d4f      0x820 ./Core/Src/system_stm32l4xx.o
 .debug_line    0x0000356f       0x85 ./Core/Startup/startup_stm32l433rctx.o
 .debug_line    0x000035f4      0xb7b ./Drivers/STM32L4xx_HAL_Driver/Src/stm32l4xx_hal.o
 .debug_line    0x0000416f     0x1d2c ./Drivers/STM32L4xx_HAL_Driver/Src/stm32l4xx_hal_adc.o
 .debug_line    0x00005e9b      0xd44 ./Drivers/STM32L4xx_HAL_Driver/Src/stm32l4xx_hal_cortex.o
 .debug_line    0x00006bdf      0xbb3 ./Drivers/STM32L4xx_HAL_Driver/Src/stm32l4xx_hal_gpio.o
 .debug_line    0x00007792     0x3aae ./Drivers/STM32L4xx_HAL_Driver/Src/stm32l4xx_hal_i2c.o
 .debug_line    0x0000b240      0x9a3 ./Drivers/STM32L4xx_HAL_Driver/Src/stm32l4xx_hal_i2c_ex.o
 .debug_line    0x0000bbe3      0x952 ./Drivers/STM32L4xx_HAL_Driver/Src/stm32l4xx_hal_pwr.o
 .debug_line    0x0000c535      0xc88 ./Drivers/STM32L4xx_HAL_Driver/Src/stm32l4xx_hal_pwr_ex.o
 .debug_line    0x0000d1bd     0x1032 ./Drivers/STM32L4xx_HAL_Driver/Src/stm32l4xx_hal_rcc.o
 .debug_line    0x0000e1ef     0x141f ./Drivers/STM32L4xx_HAL_Driver/Src/stm32l4xx_hal_rcc_ex.o
 .debug_line    0x0000f60e     0x2051 ./Drivers/STM32L4xx_HAL_Driver/Src/stm32l4xx_hal_spi.o
 .debug_line    0x0001165f     0x3c5a ./Drivers/STM32L4xx_HAL_Driver/Src/stm32l4xx_hal_tim.o
 .debug_line    0x000152b9     0x1b7c ./Drivers/STM32L4xx_HAL_Driver/Src/stm32l4xx_hal_tim_ex.o
 .debug_line    0x00016e35     0x3245 ./Drivers/STM32L4xx_HAL_Driver/Src/stm32l4xx_hal_uart.o

.debug_str      0x00000000    0xeb94b
 .debug_str     0x00000000    0xeb94b ./Core/Src/main.o
                              0xe5935 (size before relaxing)
 .debug_str     0x000eb94b    0xe3ed6 ./Core/Src/oem_library.o
 .debug_str     0x000eb94b    0xe1ab2 ./Core/Src/stm32l4xx_hal_msp.o
 .debug_str     0x000eb94b    0xe085a ./Core/Src/stm32l4xx_it.o
 .debug_str     0x000eb94b     0x60bd ./Core/Src/sysmem.o
 .debug_str     0x000eb94b    0xe06c0 ./Core/Src/system_stm32l4xx.o
 .debug_str     0x000eb94b       0x8a ./Core/Startup/startup_stm32l433rctx.o
 .debug_str     0x000eb94b    0xe1182 ./Drivers/STM32L4xx_HAL_Driver/Src/stm32l4xx_hal.o
 .debug_str     0x000eb94b    0xe14a3 ./Drivers/STM32L4xx_HAL_Driver/Src/stm32l4xx_hal_adc.o
 .debug_str     0x000eb94b    0xe0e65 ./Drivers/STM32L4xx_HAL_Driver/Src/stm32l4xx_hal_cortex.o
 .debug_str     0x000eb94b    0xe0834 ./Drivers/STM32L4xx_HAL_Driver/Src/stm32l4xx_hal_gpio.o
 .debug_str     0x000eb94b    0xe18be ./Drivers/STM32L4xx_HAL_Driver/Src/stm32l4xx_hal_i2c.o
 .debug_str     0x000eb94b    0xe0bcd ./Drivers/STM32L4xx_HAL_Driver/Src/stm32l4xx_hal_i2c_ex.o
 .debug_str     0x000eb94b    0xe0a0a ./Drivers/STM32L4xx_HAL_Driver/Src/stm32l4xx_hal_pwr.o
 .debug_str     0x000eb94b    0xe0b68 ./Drivers/STM32L4xx_HAL_Driver/Src/stm32l4xx_hal_pwr_ex.o
 .debug_str     0x000eb94b    0xe0cc0 ./Drivers/STM32L4xx_HAL_Driver/Src/stm32l4xx_hal_rcc.o
 .debug_str     0x000eb94b    0xe0f5d ./Drivers/STM32L4xx_HAL_Driver/Src/stm32l4xx_hal_rcc_ex.o
 .debug_str     0x000eb94b    0xe0ed8 ./Drivers/STM32L4xx_HAL_Driver/Src/stm32l4xx_hal_spi.o
 .debug_str     0x000eb94b    0xe19fd ./Drivers/STM32L4xx_HAL_Driver/Src/stm32l4xx_hal_tim.o
 .debug_str     0x000eb94b    0xe1311 ./Drivers/STM32L4xx_HAL_Driver/Src/stm32l4xx_hal_tim_ex.o
 .debug_str     0x000eb94b    0xe1418 ./Drivers/STM32L4xx_HAL_Driver/Src/stm32l4xx_hal_uart.o

.comment        0x00000000       0x88
 .comment       0x00000000       0x88 ./Core/Src/main.o
                                 0x46 (size before relaxing)
 .comment       0x00000088       0x46 ./Core/Src/oem_library.o
 .comment       0x00000088       0x44 ./Core/Src/stm32l4xx_hal_msp.o
 .comment       0x00000088       0x44 ./Core/Src/stm32l4xx_it.o
 .comment       0x00000088       0x44 ./Core/Src/sysmem.o
 .comment       0x00000088       0x44 ./Core/Src/system_stm32l4xx.o
 .comment       0x00000088       0x44 ./Drivers/STM32L4xx_HAL_Driver/Src/stm32l4xx_hal.o
 .comment       0x00000088       0x44 ./Drivers/STM32L4xx_HAL_Driver/Src/stm32l4xx_hal_adc.o
 .comment       0x00000088       0x44 ./Drivers/STM32L4xx_HAL_Driver/Src/stm32l4xx_hal_cortex.o
 .comment       0x00000088       0x44 ./Drivers/STM32L4xx_HAL_Driver/Src/stm32l4xx_hal_gpio.o
 .comment       0x00000088       0x44 ./Drivers/STM32L4xx_HAL_Driver/Src/stm32l4xx_hal_i2c.o
 .comment       0x00000088       0x44 ./Drivers/STM32L4xx_HAL_Driver/Src/stm32l4xx_hal_i2c_ex.o
 .comment       0x00000088       0x44 ./Drivers/STM32L4xx_HAL_Driver/Src/stm32l4xx_hal_pwr.o
 .comment       0x00000088       0x44 ./Drivers/STM32L4xx_HAL_Driver/Src/stm32l4xx_hal_pwr_ex.o
 .comment       0x00000088       0x44 ./Drivers/STM32L4xx_HAL_Driver/Src/stm32l4xx_hal_rcc.o
 .comment       0x00000088       0x44 ./Drivers/STM32L4xx_HAL_Driver/Src/stm32l4xx_hal_rcc_ex.o
 .comment       0x00000088       0x44 ./Drivers/STM32L4xx_HAL_Driver/Src/stm32l4xx_hal_spi.o
 .comment       0x00000088       0x44 ./Drivers/STM32L4xx_HAL_Driver/Src/stm32l4xx_hal_tim.o
 .comment       0x00000088       0x44 ./Drivers/STM32L4xx_HAL_Driver/Src/stm32l4xx_hal_tim_ex.o
 .comment       0x00000088       0x44 ./Drivers/STM32L4xx_HAL_Driver/Src/stm32l4xx_hal_uart.o

.debug_frame    0x00000000     0x66c0
 .debug_frame   0x00000000      0x240 ./Core/Src/main.o
 .debug_frame   0x00000240      0x110 ./Core/Src/oem_library.o
 .debug_frame   0x00000350      0x1f4 ./Core/Src/stm32l4xx_hal_msp.o
 .debug_frame   0x00000544      0x104 ./Core/Src/stm32l4xx_it.o
 .debug_frame   0x00000648       0x34 ./Core/Src/sysmem.o
 .debug_frame   0x0000067c       0x58 ./Core/Src/system_stm32l4xx.o
 .debug_frame   0x000006d4      0x498 ./Drivers/STM32L4xx_HAL_Driver/Src/stm32l4xx_hal.o
 .debug_frame   0x00000b6c      0x9b0 ./Drivers/STM32L4xx_HAL_Driver/Src/stm32l4xx_hal_adc.o
 .debug_frame   0x0000151c      0x4e8 ./Drivers/STM32L4xx_HAL_Driver/Src/stm32l4xx_hal_cortex.o
 .debug_frame   0x00001a04      0x14c ./Drivers/STM32L4xx_HAL_Driver/Src/stm32l4xx_hal_gpio.o
 .debug_frame   0x00001b50      0xc38 ./Drivers/STM32L4xx_HAL_Driver/Src/stm32l4xx_hal_i2c.o
 .debug_frame   0x00002788      0x100 ./Drivers/STM32L4xx_HAL_Driver/Src/stm32l4xx_hal_i2c_ex.o
 .debug_frame   0x00002888      0x230 ./Drivers/STM32L4xx_HAL_Driver/Src/stm32l4xx_hal_pwr.o
 .debug_frame   0x00002ab8      0x4a4 ./Drivers/STM32L4xx_HAL_Driver/Src/stm32l4xx_hal_pwr_ex.o
 .debug_frame   0x00002f5c      0x21c ./Drivers/STM32L4xx_HAL_Driver/Src/stm32l4xx_hal_rcc.o
 .debug_frame   0x00003178      0x3d0 ./Drivers/STM32L4xx_HAL_Driver/Src/stm32l4xx_hal_rcc_ex.o
 .debug_frame   0x00003548      0x860 ./Drivers/STM32L4xx_HAL_Driver/Src/stm32l4xx_hal_spi.o
 .debug_frame   0x00003da8     0x121c ./Drivers/STM32L4xx_HAL_Driver/Src/stm32l4xx_hal_tim.o
 .debug_frame   0x00004fc4      0x6b0 ./Drivers/STM32L4xx_HAL_Driver/Src/stm32l4xx_hal_tim_ex.o
 .debug_frame   0x00005674      0x9f4 ./Drivers/STM32L4xx_HAL_Driver/Src/stm32l4xx_hal_uart.o
 .debug_frame   0x00006068       0x74 /Applications/ArmGNUToolchain/14.2.rel1/arm-none-eabi/bin/../lib/gcc/arm-none-eabi/14.2.1/../../../../arm-none-eabi/lib/thumb/v7e-m+fp/hard/libc_nano.a(libc_a-sprintf.o)
 .debug_frame   0x000060dc      0x144 /Applications/ArmGNUToolchain/14.2.rel1/arm-none-eabi/bin/../lib/gcc/arm-none-eabi/14.2.1/../../../../arm-none-eabi/lib/thumb/v7e-m+fp/hard/libc_nano.a(libc_a-findfp.o)
 .debug_frame   0x00006220       0x20 /Applications/ArmGNUToolchain/14.2.rel1/arm-none-eabi/bin/../lib/gcc/arm-none-eabi/14.2.1/../../../../arm-none-eabi/lib/thumb/v7e-m+fp/hard/libc_nano.a(libc_a-memset.o)
 .debug_frame   0x00006240       0x20 /Applications/ArmGNUToolchain/14.2.rel1/arm-none-eabi/bin/../lib/gcc/arm-none-eabi/14.2.1/../../../../arm-none-eabi/lib/thumb/v7e-m+fp/hard/libc_nano.a(libc_a-errno.o)
 .debug_frame   0x00006260       0x2c /Applications/ArmGNUToolchain/14.2.rel1/arm-none-eabi/bin/../lib/gcc/arm-none-eabi/14.2.1/../../../../arm-none-eabi/lib/thumb/v7e-m+fp/hard/libc_nano.a(libc_a-init.o)
 .debug_frame   0x0000628c       0xb0 /Applications/ArmGNUToolchain/14.2.rel1/arm-none-eabi/bin/../lib/gcc/arm-none-eabi/14.2.1/../../../../arm-none-eabi/lib/thumb/v7e-m+fp/hard/libc_nano.a(libc_a-lock.o)
 .debug_frame   0x0000633c       0x20 /Applications/ArmGNUToolchain/14.2.rel1/arm-none-eabi/bin/../lib/gcc/arm-none-eabi/14.2.1/../../../../arm-none-eabi/lib/thumb/v7e-m+fp/hard/libc_nano.a(libc_a-strlen.o)
 .debug_frame   0x0000635c       0x90 /Applications/ArmGNUToolchain/14.2.rel1/arm-none-eabi/bin/../lib/gcc/arm-none-eabi/14.2.1/../../../../arm-none-eabi/lib/thumb/v7e-m+fp/hard/libc_nano.a(libc_a-nano-svfprintf.o)
 .debug_frame   0x000063ec       0x50 /Applications/ArmGNUToolchain/14.2.rel1/arm-none-eabi/bin/../lib/gcc/arm-none-eabi/14.2.1/../../../../arm-none-eabi/lib/thumb/v7e-m+fp/hard/libc_nano.a(libc_a-mallocr.o)
 .debug_frame   0x0000643c       0x60 /Applications/ArmGNUToolchain/14.2.rel1/arm-none-eabi/bin/../lib/gcc/arm-none-eabi/14.2.1/../../../../arm-none-eabi/lib/thumb/v7e-m+fp/hard/libc_nano.a(libc_a-nano-vfprintf_i.o)
 .debug_frame   0x0000649c       0x30 /Applications/ArmGNUToolchain/14.2.rel1/arm-none-eabi/bin/../lib/gcc/arm-none-eabi/14.2.1/../../../../arm-none-eabi/lib/thumb/v7e-m+fp/hard/libc_nano.a(libc_a-mlock.o)
 .debug_frame   0x000064cc       0x3c /Applications/ArmGNUToolchain/14.2.rel1/arm-none-eabi/bin/../lib/gcc/arm-none-eabi/14.2.1/../../../../arm-none-eabi/lib/thumb/v7e-m+fp/hard/libc_nano.a(libc_a-reallocr.o)
 .debug_frame   0x00006508       0x28 /Applications/ArmGNUToolchain/14.2.rel1/arm-none-eabi/bin/../lib/gcc/arm-none-eabi/14.2.1/../../../../arm-none-eabi/lib/thumb/v7e-m+fp/hard/libc_nano.a(libc_a-memmove.o)
 .debug_frame   0x00006530       0x2c /Applications/ArmGNUToolchain/14.2.rel1/arm-none-eabi/bin/../lib/gcc/arm-none-eabi/14.2.1/../../../../arm-none-eabi/lib/thumb/v7e-m+fp/hard/libc_nano.a(libc_a-sbrkr.o)
 .debug_frame   0x0000655c       0x38 /Applications/ArmGNUToolchain/14.2.rel1/arm-none-eabi/bin/../lib/gcc/arm-none-eabi/14.2.1/../../../../arm-none-eabi/lib/thumb/v7e-m+fp/hard/libc_nano.a(libc_a-reent.o)
 .debug_frame   0x00006594       0x4c /Applications/ArmGNUToolchain/14.2.rel1/arm-none-eabi/bin/../lib/gcc/arm-none-eabi/14.2.1/../../../../arm-none-eabi/lib/thumb/v7e-m+fp/hard/libc_nano.a(libc_a-memchr.o)
 .debug_frame   0x000065e0       0x28 /Applications/ArmGNUToolchain/14.2.rel1/arm-none-eabi/bin/../lib/gcc/arm-none-eabi/14.2.1/../../../../arm-none-eabi/lib/thumb/v7e-m+fp/hard/libc_nano.a(libc_a-memcpy-stub.o)
 .debug_frame   0x00006608       0x38 /Applications/ArmGNUToolchain/14.2.rel1/arm-none-eabi/bin/../lib/gcc/arm-none-eabi/14.2.1/../../../../arm-none-eabi/lib/thumb/v7e-m+fp/hard/libc_nano.a(libc_a-freer.o)
 .debug_frame   0x00006640       0x20 /Applications/ArmGNUToolchain/14.2.rel1/arm-none-eabi/bin/../lib/gcc/arm-none-eabi/14.2.1/../../../../arm-none-eabi/lib/thumb/v7e-m+fp/hard/libc_nano.a(libc_a-msizer.o)
 .debug_frame   0x00006660       0x2c /Applications/ArmGNUToolchain/14.2.rel1/arm-none-eabi/bin/../lib/gcc/arm-none-eabi/14.2.1/thumb/v7e-m+fp/hard/libgcc.a(_aeabi_uldivmod.o)
 .debug_frame   0x0000668c       0x34 /Applications/ArmGNUToolchain/14.2.rel1/arm-none-eabi/bin/../lib/gcc/arm-none-eabi/14.2.1/thumb/v7e-m+fp/hard/libgcc.a(_udivmoddi4.o)

.debug_line_str
                0x00000000      0x249
 .debug_line_str
                0x00000000      0x249 ./Core/Startup/startup_stm32l433rctx.o
                                 0x6e (size before relaxing)
 .debug_line_str
                0x00000249       0xf4 /Applications/ArmGNUToolchain/14.2.rel1/arm-none-eabi/bin/../lib/gcc/arm-none-eabi/14.2.1/../../../../arm-none-eabi/lib/thumb/v7e-m+fp/hard/libc_nano.a(libc_a-strlen.o)
 .debug_line_str
                0x00000249       0xea /Applications/ArmGNUToolchain/14.2.rel1/arm-none-eabi/bin/../lib/gcc/arm-none-eabi/14.2.1/../../../../arm-none-eabi/lib/thumb/v7e-m+fp/hard/libc_nano.a(libc_a-memchr.o)
 .debug_line_str
                0x00000249       0xd2 /Applications/ArmGNUToolchain/14.2.rel1/arm-none-eabi/bin/../lib/gcc/arm-none-eabi/14.2.1/thumb/v7e-m+fp/hard/libgcc.a(_aeabi_uldivmod.o)
 .debug_line_str
                0x00000249       0xd6 /Applications/ArmGNUToolchain/14.2.rel1/arm-none-eabi/bin/../lib/gcc/arm-none-eabi/14.2.1/thumb/v7e-m+fp/hard/libgcc.a(_dvmd_tls.o)
